[transky.mtf.wiki/index.html]
[backblue.gif]
[fade.gif]
[index.html]
[transky.mtf.wiki/assets/style.3Y7w-4TO.css]
[transky.mtf.wiki/vp-icons.css]
[transky.mtf.wiki/assets/app.D2ps8hVH.js]
[transky.mtf.wiki/assets/inter-roman-latin.Di8DUHzh.woff2]
[transky.mtf.wiki/assets/chunks/framework.BnoU8Udh.js]
[transky.mtf.wiki/assets/chunks/theme.C9uw25BA.js]
[transky.mtf.wiki/assets/index.md.wsqpDNbV.lean.js]
[transky.mtf.wiki/apple-touch-icon.png]
[transky.mtf.wiki/favicon-32x32.png]
[transky.mtf.wiki/favicon-16x16.png]
[transky.mtf.wiki/site.webmanifest]
[transky.mtf.wiki/progynova.png]
[transky.mtf.wiki/foreword.html]
[transky.mtf.wiki/about.html]
[static.cloudflareinsights.com/beacon.min.js]
[transky.mtf.wiki/index.html]
[transky.mtf.wiki/cdn-cgi/challenge-platform/h/g/scripts/jsd/672eb098a9f3/maind41d.js]
[fonts.project-trans.org/fonts.html]
[transky.mtf.wiki/assets/inter-roman-cyrillic-ext.BBPuwvHQ.woff2]
[transky.mtf.wiki/assets/inter-roman-cyrillic.C5lxZ8CY.woff2]
[transky.mtf.wiki/assets/inter-roman-greek-ext.CqjqNYQ-.woff2]
[transky.mtf.wiki/assets/inter-roman-greek.BBVDIX6e.woff2]
[transky.mtf.wiki/assets/inter-roman-vietnamese.BjW4sHH5.woff2]
[transky.mtf.wiki/assets/inter-roman-latin-ext.4ZJIpNVo.woff2]
[transky.mtf.wiki/assets/inter-italic-cyrillic-ext.r48I6akx.woff2]
[transky.mtf.wiki/assets/inter-italic-cyrillic.By2_1cv3.woff2]
[transky.mtf.wiki/assets/inter-italic-greek-ext.1u6EdAuj.woff2]
[transky.mtf.wiki/assets/inter-italic-greek.DJ8dCoTZ.woff2]
[transky.mtf.wiki/assets/inter-italic-vietnamese.BSbpV94h.woff2]
[transky.mtf.wiki/assets/inter-italic-latin-ext.CN1xVJS-.woff2]
[transky.mtf.wiki/assets/inter-italic-latin.C2AdPX0b.woff2]
[transky.mtf.wiki/assets/style.3Y7w-4TO.css]
[transky.mtf.wiki/vp-icons.css]
[transky.mtf.wiki/apple-touch-icon.html]
[transky.mtf.wiki/site.html]
[transky.mtf.wiki/assets/foreword.md.DXGtCYfN.lean.js]
[transky.mtf.wiki/01/index.html]
[transky.mtf.wiki/01/002.html]
[transky.mtf.wiki/01/001.html]
[transky.mtf.wiki/01/003.html]
[transky.mtf.wiki/01/004.html]
[transky.mtf.wiki/01/005.html]
[transky.mtf.wiki/01/006.html]
[transky.mtf.wiki/01/007.html]
[transky.mtf.wiki/01/008.html]
[transky.mtf.wiki/01/009.html]
[transky.mtf.wiki/01/010.html]
[transky.mtf.wiki/01/011.html]
[transky.mtf.wiki/01/012.html]
[transky.mtf.wiki/01/013.html]
[transky.mtf.wiki/01/014.html]
[transky.mtf.wiki/01/015.html]
[transky.mtf.wiki/01/016.html]
[transky.mtf.wiki/01/017.html]
[transky.mtf.wiki/01/018.html]
[transky.mtf.wiki/01/019.html]
[transky.mtf.wiki/01/020.html]
[transky.mtf.wiki/01/021.html]
[transky.mtf.wiki/01/022.html]
[transky.mtf.wiki/01/023.html]
[transky.mtf.wiki/01/024.html]
[transky.mtf.wiki/01/025.html]
[transky.mtf.wiki/01/026.html]
[transky.mtf.wiki/01/027.html]
[transky.mtf.wiki/01/028.html]
[transky.mtf.wiki/01/029.html]
[transky.mtf.wiki/01/030.html]
[transky.mtf.wiki/01/031.html]
[transky.mtf.wiki/01/032.html]
[transky.mtf.wiki/01/033.html]
[transky.mtf.wiki/01/034.html]
[transky.mtf.wiki/01/035.html]
[transky.mtf.wiki/01/036.html]
[transky.mtf.wiki/01/037.html]
[transky.mtf.wiki/01/038.html]
[transky.mtf.wiki/01/039.html]
[transky.mtf.wiki/01/040.html]
[transky.mtf.wiki/01/041.html]
[transky.mtf.wiki/01/042.html]
[transky.mtf.wiki/01/043.html]
[transky.mtf.wiki/01/044.html]
[transky.mtf.wiki/01/045.html]
[transky.mtf.wiki/01/046.html]
[transky.mtf.wiki/01/047.html]
[transky.mtf.wiki/01/048.html]
[transky.mtf.wiki/01/049.html]
[transky.mtf.wiki/01/050.html]
[transky.mtf.wiki/01/051.html]
[transky.mtf.wiki/01/052.html]
[transky.mtf.wiki/01/053.html]
[transky.mtf.wiki/01/054.html]
[transky.mtf.wiki/01/055.html]
[transky.mtf.wiki/01/056.html]
[transky.mtf.wiki/01/057.html]
[transky.mtf.wiki/01/058.html]
[transky.mtf.wiki/01/059.html]
[transky.mtf.wiki/01/060.html]
[transky.mtf.wiki/02/index.html]
[transky.mtf.wiki/02/061.html]
[transky.mtf.wiki/02/062.html]
[transky.mtf.wiki/02/063.html]
[transky.mtf.wiki/02/064.html]
[transky.mtf.wiki/02/065.html]
[transky.mtf.wiki/02/066.html]
[transky.mtf.wiki/02/067.html]
[transky.mtf.wiki/02/068.html]
[transky.mtf.wiki/02/069.html]
[transky.mtf.wiki/02/070.html]
[transky.mtf.wiki/02/071.html]
[transky.mtf.wiki/02/072.html]
[transky.mtf.wiki/02/073.html]
[transky.mtf.wiki/02/074.html]
[transky.mtf.wiki/02/075.html]
[transky.mtf.wiki/02/076.html]
[transky.mtf.wiki/02/077.html]
[transky.mtf.wiki/02/078.html]
[transky.mtf.wiki/02/079.html]
[transky.mtf.wiki/02/080.html]
[transky.mtf.wiki/02/081.html]
[transky.mtf.wiki/02/082.html]
[transky.mtf.wiki/02/083.html]
[transky.mtf.wiki/02/084.html]
[transky.mtf.wiki/02/085.html]
[transky.mtf.wiki/02/086.html]
[transky.mtf.wiki/02/087.html]
[transky.mtf.wiki/02/088.html]
[transky.mtf.wiki/02/089.html]
[transky.mtf.wiki/02/090.html]
[transky.mtf.wiki/02/091.html]
[transky.mtf.wiki/02/092.html]
[transky.mtf.wiki/02/093.html]
[transky.mtf.wiki/02/094.html]
[transky.mtf.wiki/02/095.html]
[transky.mtf.wiki/02/096.html]
[transky.mtf.wiki/02/097.html]
[transky.mtf.wiki/02/098.html]
[transky.mtf.wiki/02/099.html]
[transky.mtf.wiki/02/100.html]
[transky.mtf.wiki/02/101.html]
[transky.mtf.wiki/02/102.html]
[transky.mtf.wiki/02/103.html]
[transky.mtf.wiki/02/104.html]
[transky.mtf.wiki/02/105.html]
[transky.mtf.wiki/02/106.html]
[transky.mtf.wiki/02/107.html]
[transky.mtf.wiki/02/108.html]
[transky.mtf.wiki/02/109.html]
[transky.mtf.wiki/02/110.html]
[transky.mtf.wiki/02/111.html]
[transky.mtf.wiki/02/112.html]
[transky.mtf.wiki/02/113.html]
[transky.mtf.wiki/02/114.html]
[transky.mtf.wiki/02/115.html]
[transky.mtf.wiki/02/116.html]
[transky.mtf.wiki/02/117.html]
[transky.mtf.wiki/02/118.html]
[transky.mtf.wiki/02/119.html]
[transky.mtf.wiki/02/120.html]
[transky.mtf.wiki/02/121.html]
[transky.mtf.wiki/02/122.html]
[transky.mtf.wiki/02/123.html]
[transky.mtf.wiki/02/124.html]
[transky.mtf.wiki/02/125.html]
[transky.mtf.wiki/02/126.html]
[transky.mtf.wiki/02/127.html]
[transky.mtf.wiki/02/128.html]
[transky.mtf.wiki/02/129.html]
[transky.mtf.wiki/02/130.html]
[transky.mtf.wiki/02/131.html]
[transky.mtf.wiki/02/132.html]
[transky.mtf.wiki/02/133.html]
[transky.mtf.wiki/02/134.html]
[transky.mtf.wiki/02/135.html]
[transky.mtf.wiki/02/136.html]
[transky.mtf.wiki/02/137.html]
[transky.mtf.wiki/02/138.html]
[transky.mtf.wiki/02/139.html]
[transky.mtf.wiki/02/140.html]
[transky.mtf.wiki/02/141.html]
[transky.mtf.wiki/02/142.html]
[transky.mtf.wiki/02/143.html]
[transky.mtf.wiki/02/144.html]
[transky.mtf.wiki/02/145.html]
[transky.mtf.wiki/02/146.html]
[transky.mtf.wiki/02/147.html]
[transky.mtf.wiki/02/148.html]
[transky.mtf.wiki/02/149.html]
[transky.mtf.wiki/02/150.html]
[transky.mtf.wiki/02/151.html]
[transky.mtf.wiki/02/152.html]
[transky.mtf.wiki/02/153.html]
[transky.mtf.wiki/02/154.html]
[transky.mtf.wiki/02/155.html]
[transky.mtf.wiki/02/156.html]
[transky.mtf.wiki/02/157.html]
[transky.mtf.wiki/02/158.html]
[transky.mtf.wiki/02/159.html]
[transky.mtf.wiki/02/160.html]
[transky.mtf.wiki/02/161.html]
[transky.mtf.wiki/02/162.html]
[transky.mtf.wiki/02/163.html]
[transky.mtf.wiki/02/164.html]
[transky.mtf.wiki/02/165.html]
[transky.mtf.wiki/02/166.html]
[transky.mtf.wiki/02/167.html]
[transky.mtf.wiki/02/168.html]
[transky.mtf.wiki/02/169.html]
[transky.mtf.wiki/02/170.html]
[transky.mtf.wiki/02/171.html]
[transky.mtf.wiki/02/172.html]
[transky.mtf.wiki/02/173.html]
[transky.mtf.wiki/02/174.html]
[transky.mtf.wiki/02/175.html]
[transky.mtf.wiki/02/176.html]
[transky.mtf.wiki/02/177.html]
[transky.mtf.wiki/02/178.html]
[transky.mtf.wiki/02/179.html]
[transky.mtf.wiki/02/180.html]
[transky.mtf.wiki/02/181.html]
[transky.mtf.wiki/02/182.html]
[transky.mtf.wiki/02/183.html]
[transky.mtf.wiki/02/184.html]
[transky.mtf.wiki/02/185.html]
[transky.mtf.wiki/02/186.html]
[transky.mtf.wiki/02/187.html]
[transky.mtf.wiki/02/188.html]
[transky.mtf.wiki/02/189.html]
[transky.mtf.wiki/02/190.html]
[transky.mtf.wiki/02/191.html]
[transky.mtf.wiki/02/192.html]
[transky.mtf.wiki/02/193.html]
[transky.mtf.wiki/02/194.html]
[transky.mtf.wiki/02/195.html]
[transky.mtf.wiki/02/196.html]
[transky.mtf.wiki/02/197.html]
[transky.mtf.wiki/02/198.html]
[transky.mtf.wiki/02/199.html]
[transky.mtf.wiki/02/200.html]
[transky.mtf.wiki/03/index.html]
[transky.mtf.wiki/03/201.html]
[transky.mtf.wiki/03/202.html]
[transky.mtf.wiki/03/203.html]
[transky.mtf.wiki/03/204.html]
[transky.mtf.wiki/03/205.html]
[transky.mtf.wiki/03/206.html]
[transky.mtf.wiki/03/207.html]
[transky.mtf.wiki/03/208.html]
[transky.mtf.wiki/03/209.html]
[transky.mtf.wiki/03/210.html]
[transky.mtf.wiki/03/211.html]
[transky.mtf.wiki/03/212.html]
[transky.mtf.wiki/03/213.html]
[transky.mtf.wiki/03/214.html]
[transky.mtf.wiki/03/215.html]
[transky.mtf.wiki/03/216.html]
[transky.mtf.wiki/03/217.html]
[transky.mtf.wiki/03/218.html]
[transky.mtf.wiki/03/219.html]
[transky.mtf.wiki/03/220.html]
[transky.mtf.wiki/03/221.html]
[transky.mtf.wiki/03/222.html]
[transky.mtf.wiki/03/223.html]
[transky.mtf.wiki/03/224.html]
[transky.mtf.wiki/03/225.html]
[transky.mtf.wiki/03/226.html]
[transky.mtf.wiki/03/227.html]
[transky.mtf.wiki/03/228.html]
[transky.mtf.wiki/03/229.html]
[transky.mtf.wiki/03/230.html]
[transky.mtf.wiki/03/231.html]
[transky.mtf.wiki/03/232.html]
[transky.mtf.wiki/03/233.html]
[transky.mtf.wiki/03/234.html]
[transky.mtf.wiki/03/235.html]
[transky.mtf.wiki/03/236.html]
[transky.mtf.wiki/03/237.html]
[transky.mtf.wiki/03/238.html]
[transky.mtf.wiki/03/239.html]
[transky.mtf.wiki/03/240.html]
[transky.mtf.wiki/03/241.html]
[transky.mtf.wiki/03/242.html]
[transky.mtf.wiki/03/243.html]
[transky.mtf.wiki/03/244.html]
[transky.mtf.wiki/03/245.html]
[transky.mtf.wiki/03/246.html]
[transky.mtf.wiki/03/247.html]
[transky.mtf.wiki/03/248.html]
[transky.mtf.wiki/03/249.html]
[transky.mtf.wiki/03/250.html]
[transky.mtf.wiki/03/251.html]
[transky.mtf.wiki/03/252.html]
[transky.mtf.wiki/03/253.html]
[transky.mtf.wiki/03/254.html]
[transky.mtf.wiki/03/255.html]
[transky.mtf.wiki/03/256.html]
[transky.mtf.wiki/03/257.html]
[transky.mtf.wiki/03/258.html]
[transky.mtf.wiki/03/259.html]
[transky.mtf.wiki/03/260.html]
[transky.mtf.wiki/03/261.html]
[transky.mtf.wiki/03/262.html]
[transky.mtf.wiki/03/263.html]
[transky.mtf.wiki/03/264.html]
[transky.mtf.wiki/03/265.html]
[transky.mtf.wiki/03/266.html]
[transky.mtf.wiki/03/267.html]
[transky.mtf.wiki/03/268.html]
[transky.mtf.wiki/03/269.html]
[transky.mtf.wiki/03/270.html]
[transky.mtf.wiki/03/271.html]
[transky.mtf.wiki/03/272.html]
[transky.mtf.wiki/03/273.html]
[transky.mtf.wiki/03/274.html]
[transky.mtf.wiki/03/275.html]
[transky.mtf.wiki/03/276.html]
[transky.mtf.wiki/03/277.html]
[transky.mtf.wiki/03/278.html]
[transky.mtf.wiki/03/279.html]
[transky.mtf.wiki/03/280.html]
[transky.mtf.wiki/03/281.html]
[transky.mtf.wiki/03/282.html]
[transky.mtf.wiki/03/283.html]
[transky.mtf.wiki/03/284.html]
[transky.mtf.wiki/03/285.html]
[transky.mtf.wiki/03/286.html]
[transky.mtf.wiki/03/287.html]
[transky.mtf.wiki/03/288.html]
[transky.mtf.wiki/03/289.html]
[transky.mtf.wiki/03/290.html]
[transky.mtf.wiki/03/291.html]
[transky.mtf.wiki/03/292.html]
[transky.mtf.wiki/03/293.html]
[transky.mtf.wiki/03/294.html]
[transky.mtf.wiki/03/295.html]
[transky.mtf.wiki/03/296.html]
[transky.mtf.wiki/03/297.html]
[transky.mtf.wiki/03/298.html]
[transky.mtf.wiki/03/299.html]
[transky.mtf.wiki/03/300.html]
[transky.mtf.wiki/03/301.html]
[transky.mtf.wiki/03/302.html]
[transky.mtf.wiki/03/303.html]
[transky.mtf.wiki/03/304.html]
[transky.mtf.wiki/03/305.html]
[transky.mtf.wiki/03/306.html]
[transky.mtf.wiki/03/307.html]
[transky.mtf.wiki/03/308.html]
[transky.mtf.wiki/03/309.html]
[transky.mtf.wiki/03/310.html]
[transky.mtf.wiki/03/311.html]
[transky.mtf.wiki/03/312.html]
[transky.mtf.wiki/03/313.html]
[transky.mtf.wiki/03/314.html]
[transky.mtf.wiki/03/315.html]
[transky.mtf.wiki/03/316.html]
[transky.mtf.wiki/03/317.html]
[transky.mtf.wiki/03/318.html]
[transky.mtf.wiki/03/319.html]
[transky.mtf.wiki/03/320.html]
[transky.mtf.wiki/03/321.html]
[transky.mtf.wiki/03/322.html]
[transky.mtf.wiki/03/323.html]
[transky.mtf.wiki/03/324.html]
[transky.mtf.wiki/03/325.html]
[transky.mtf.wiki/03/326.html]
[transky.mtf.wiki/03/327.html]
[transky.mtf.wiki/03/328.html]
[transky.mtf.wiki/03/329.html]
[transky.mtf.wiki/03/330.html]
[transky.mtf.wiki/03/331.html]
[transky.mtf.wiki/03/332.html]
[transky.mtf.wiki/03/333.html]
[transky.mtf.wiki/03/334.html]
[transky.mtf.wiki/03/335.html]
[transky.mtf.wiki/03/336.html]
[transky.mtf.wiki/03/337.html]
[transky.mtf.wiki/03/338.html]
[transky.mtf.wiki/03/339.html]
[transky.mtf.wiki/03/340.html]
[transky.mtf.wiki/03/341.html]
[transky.mtf.wiki/03/342.html]
[transky.mtf.wiki/03/343.html]
[transky.mtf.wiki/03/344.html]
[transky.mtf.wiki/03/345.html]
[transky.mtf.wiki/03/346.html]
[transky.mtf.wiki/03/347.html]
[transky.mtf.wiki/03/348.html]
[transky.mtf.wiki/03/349.html]
[transky.mtf.wiki/03/350.html]
[transky.mtf.wiki/03/351.html]
[transky.mtf.wiki/03/352.html]
[transky.mtf.wiki/03/353.html]
[transky.mtf.wiki/03/354.html]
[transky.mtf.wiki/03/355.html]
[transky.mtf.wiki/03/356.html]
[transky.mtf.wiki/03/357.html]
[transky.mtf.wiki/03/358.html]
[transky.mtf.wiki/03/359.html]
[transky.mtf.wiki/03/360.html]
[transky.mtf.wiki/03/361.html]
[transky.mtf.wiki/03/362.html]
[transky.mtf.wiki/03/363.html]
[transky.mtf.wiki/03/364.html]
[transky.mtf.wiki/03/365.html]
[transky.mtf.wiki/03/366.html]
[transky.mtf.wiki/03/367.html]
[transky.mtf.wiki/03/368.html]
[transky.mtf.wiki/03/369.html]
[transky.mtf.wiki/03/370.html]
[transky.mtf.wiki/03/371.html]
[transky.mtf.wiki/03/372.html]
[transky.mtf.wiki/03/373.html]
[transky.mtf.wiki/03/374.html]
[transky.mtf.wiki/03/375.html]
[transky.mtf.wiki/03/376.html]
[transky.mtf.wiki/03/377.html]
[transky.mtf.wiki/03/378.html]
[transky.mtf.wiki/03/379.html]
[transky.mtf.wiki/03/380.html]
[transky.mtf.wiki/03/381.html]
[transky.mtf.wiki/03/382.html]
[transky.mtf.wiki/03/383.html]
[transky.mtf.wiki/03/384.html]
[transky.mtf.wiki/03/385.html]
[transky.mtf.wiki/03/386.html]
[transky.mtf.wiki/03/387.html]
[transky.mtf.wiki/03/388.html]
[transky.mtf.wiki/03/389.html]
[transky.mtf.wiki/03/390.html]
[transky.mtf.wiki/03/391.html]
[transky.mtf.wiki/03/392.html]
[transky.mtf.wiki/03/393.html]
[transky.mtf.wiki/03/394.html]
[transky.mtf.wiki/03/395.html]
[transky.mtf.wiki/03/396.html]
[transky.mtf.wiki/03/397.html]
[transky.mtf.wiki/03/398.html]
[transky.mtf.wiki/03/399.html]
[transky.mtf.wiki/03/400.html]
[transky.mtf.wiki/04/index.html]
[transky.mtf.wiki/04/401.html]
[transky.mtf.wiki/04/402.html]
[transky.mtf.wiki/04/403.html]
[transky.mtf.wiki/04/404.html]
[transky.mtf.wiki/04/405.html]
[transky.mtf.wiki/04/406.html]
[transky.mtf.wiki/04/407.html]
[transky.mtf.wiki/04/408.html]
[transky.mtf.wiki/04/409.html]
[transky.mtf.wiki/04/410.html]
[transky.mtf.wiki/04/411.html]
[transky.mtf.wiki/04/412.html]
[transky.mtf.wiki/04/413.html]
[transky.mtf.wiki/04/414.html]
[transky.mtf.wiki/04/415.html]
[transky.mtf.wiki/04/416.html]
[transky.mtf.wiki/04/417.html]
[transky.mtf.wiki/04/418.html]
[transky.mtf.wiki/04/419.html]
[transky.mtf.wiki/04/420.html]
[transky.mtf.wiki/04/421.html]
[transky.mtf.wiki/04/422.html]
[transky.mtf.wiki/04/423.html]
[transky.mtf.wiki/04/424.html]
[transky.mtf.wiki/04/425.html]
[transky.mtf.wiki/04/426.html]
[transky.mtf.wiki/04/427.html]
[transky.mtf.wiki/04/428.html]
[transky.mtf.wiki/04/429.html]
[transky.mtf.wiki/04/430.html]
[transky.mtf.wiki/04/431.html]
[transky.mtf.wiki/04/432.html]
[transky.mtf.wiki/04/433.html]
[transky.mtf.wiki/04/434.html]
[transky.mtf.wiki/04/435.html]
[transky.mtf.wiki/04/436.html]
[transky.mtf.wiki/04/437.html]
[transky.mtf.wiki/04/438.html]
[transky.mtf.wiki/04/439.html]
[transky.mtf.wiki/04/440.html]
[transky.mtf.wiki/04/441.html]
[transky.mtf.wiki/04/442.html]
[transky.mtf.wiki/04/443.html]
[transky.mtf.wiki/04/444.html]
[transky.mtf.wiki/04/445.html]
[transky.mtf.wiki/04/446.html]
[transky.mtf.wiki/04/447.html]
[transky.mtf.wiki/04/448.html]
[transky.mtf.wiki/04/449.html]
[transky.mtf.wiki/04/450.html]
[transky.mtf.wiki/04/451.html]
[transky.mtf.wiki/04/452.html]
[transky.mtf.wiki/04/453.html]
[transky.mtf.wiki/04/454.html]
[transky.mtf.wiki/04/455.html]
[transky.mtf.wiki/04/456.html]
[transky.mtf.wiki/04/457.html]
[transky.mtf.wiki/04/458.html]
[transky.mtf.wiki/04/459.html]
[transky.mtf.wiki/04/460.html]
[transky.mtf.wiki/04/461.html]
[transky.mtf.wiki/04/462.html]
[transky.mtf.wiki/04/463.html]
[transky.mtf.wiki/04/464.html]
[transky.mtf.wiki/04/465.html]
[transky.mtf.wiki/04/466.html]
[transky.mtf.wiki/04/467.html]
[transky.mtf.wiki/04/468.html]
[transky.mtf.wiki/04/469.html]
[transky.mtf.wiki/04/470.html]
[transky.mtf.wiki/04/471.html]
[transky.mtf.wiki/04/472.html]
[transky.mtf.wiki/04/473.html]
[transky.mtf.wiki/04/474.html]
[transky.mtf.wiki/04/475.html]
[transky.mtf.wiki/04/476.html]
[transky.mtf.wiki/04/477.html]
[transky.mtf.wiki/04/478.html]
[transky.mtf.wiki/04/479.html]
[transky.mtf.wiki/04/480.html]
[transky.mtf.wiki/04/481.html]
[transky.mtf.wiki/04/482.html]
[transky.mtf.wiki/04/483.html]
[transky.mtf.wiki/04/484.html]
[transky.mtf.wiki/04/485.html]
[transky.mtf.wiki/04/486.html]
[transky.mtf.wiki/04/487.html]
[transky.mtf.wiki/04/488.html]
[transky.mtf.wiki/04/489.html]
[transky.mtf.wiki/04/490.html]
[transky.mtf.wiki/04/491.html]
[transky.mtf.wiki/04/492.html]
[transky.mtf.wiki/04/493.html]
[transky.mtf.wiki/04/494.html]
[transky.mtf.wiki/04/495.html]
[transky.mtf.wiki/04/496.html]
[transky.mtf.wiki/04/497.html]
[transky.mtf.wiki/04/498.html]
[transky.mtf.wiki/04/499.html]
[transky.mtf.wiki/04/500.html]
[transky.mtf.wiki/04/501.html]
[transky.mtf.wiki/04/502.html]
[transky.mtf.wiki/04/503.html]
[transky.mtf.wiki/04/504.html]
[transky.mtf.wiki/04/505.html]
[transky.mtf.wiki/04/506.html]
[transky.mtf.wiki/04/507.html]
[transky.mtf.wiki/04/508.html]
[transky.mtf.wiki/04/509.html]
[transky.mtf.wiki/04/510.html]
[transky.mtf.wiki/04/511.html]
[transky.mtf.wiki/04/512.html]
[transky.mtf.wiki/04/513.html]
[transky.mtf.wiki/04/514.html]
[transky.mtf.wiki/04/515.html]
[transky.mtf.wiki/04/516.html]
[transky.mtf.wiki/04/517.html]
[transky.mtf.wiki/04/518.html]
[transky.mtf.wiki/04/519.html]
[transky.mtf.wiki/04/520.html]
[transky.mtf.wiki/04/521.html]
[transky.mtf.wiki/04/522.html]
[transky.mtf.wiki/04/523.html]
[transky.mtf.wiki/04/524.html]
[transky.mtf.wiki/04/525.html]
[transky.mtf.wiki/04/526.html]
[transky.mtf.wiki/04/527.html]
[transky.mtf.wiki/04/528.html]
[transky.mtf.wiki/04/529.html]
[transky.mtf.wiki/04/530.html]
[transky.mtf.wiki/04/531.html]
[transky.mtf.wiki/04/532.html]
[transky.mtf.wiki/04/533.html]
[transky.mtf.wiki/04/534.html]
[transky.mtf.wiki/04/535.html]
[transky.mtf.wiki/04/536.html]
[transky.mtf.wiki/04/537.html]
[transky.mtf.wiki/04/538.html]
[transky.mtf.wiki/04/539.html]
[transky.mtf.wiki/04/540.html]
[transky.mtf.wiki/04/541.html]
[transky.mtf.wiki/04/542.html]
[transky.mtf.wiki/04/543.html]
[transky.mtf.wiki/04/544.html]
[transky.mtf.wiki/04/545.html]
[transky.mtf.wiki/04/546.html]
[transky.mtf.wiki/04/547.html]
[transky.mtf.wiki/04/548.html]
[transky.mtf.wiki/04/549.html]
[transky.mtf.wiki/04/550.html]
[transky.mtf.wiki/04/551.html]
[transky.mtf.wiki/04/552.html]
[transky.mtf.wiki/04/553.html]
[transky.mtf.wiki/04/554.html]
[transky.mtf.wiki/04/555.html]
[transky.mtf.wiki/04/556.html]
[transky.mtf.wiki/04/557.html]
[transky.mtf.wiki/04/558.html]
[transky.mtf.wiki/04/559.html]
[transky.mtf.wiki/04/560.html]
[transky.mtf.wiki/04/561.html]
[transky.mtf.wiki/04/562.html]
[transky.mtf.wiki/04/563.html]
[transky.mtf.wiki/04/564.html]
[transky.mtf.wiki/04/565.html]
[transky.mtf.wiki/04/566.html]
[transky.mtf.wiki/04/567.html]
[transky.mtf.wiki/04/568.html]
[transky.mtf.wiki/04/569.html]
[transky.mtf.wiki/04/570.html]
[transky.mtf.wiki/04/571.html]
[transky.mtf.wiki/04/572.html]
[transky.mtf.wiki/04/573.html]
[transky.mtf.wiki/04/574.html]
[transky.mtf.wiki/04/575.html]
[transky.mtf.wiki/04/576.html]
[transky.mtf.wiki/04/577.html]
[transky.mtf.wiki/04/578.html]
[transky.mtf.wiki/04/579.html]
[transky.mtf.wiki/04/580.html]
[transky.mtf.wiki/04/581.html]
[transky.mtf.wiki/04/582.html]
[transky.mtf.wiki/04/583.html]
[transky.mtf.wiki/04/584.html]
[transky.mtf.wiki/04/585.html]
[transky.mtf.wiki/04/586.html]
[transky.mtf.wiki/04/587.html]
[transky.mtf.wiki/04/588.html]
[transky.mtf.wiki/04/589.html]
[transky.mtf.wiki/04/590.html]
[transky.mtf.wiki/04/591.html]
[transky.mtf.wiki/04/592.html]
[transky.mtf.wiki/04/593.html]
[transky.mtf.wiki/04/594.html]
[transky.mtf.wiki/04/595.html]
[transky.mtf.wiki/04/596.html]
[transky.mtf.wiki/04/597.html]
[transky.mtf.wiki/04/598.html]
[transky.mtf.wiki/04/599.html]
[transky.mtf.wiki/04/600.html]
[transky.mtf.wiki/05/index.html]
[transky.mtf.wiki/05/601.html]
[transky.mtf.wiki/05/602.html]
[transky.mtf.wiki/05/603.html]
[transky.mtf.wiki/05/604.html]
[transky.mtf.wiki/05/605.html]
[transky.mtf.wiki/05/606.html]
[transky.mtf.wiki/05/607.html]
[transky.mtf.wiki/05/608.html]
[transky.mtf.wiki/05/609.html]
[transky.mtf.wiki/05/610.html]
[transky.mtf.wiki/05/611.html]
[transky.mtf.wiki/05/612.html]
[transky.mtf.wiki/05/613.html]
[transky.mtf.wiki/05/614.html]
[transky.mtf.wiki/05/615.html]
[transky.mtf.wiki/05/616.html]
[transky.mtf.wiki/05/617.html]
[transky.mtf.wiki/05/618.html]
[transky.mtf.wiki/05/619.html]
[transky.mtf.wiki/05/620.html]
[transky.mtf.wiki/05/621.html]
[transky.mtf.wiki/05/622.html]
[transky.mtf.wiki/05/623.html]
[transky.mtf.wiki/05/624.html]
[transky.mtf.wiki/05/625.html]
[transky.mtf.wiki/05/626.html]
[transky.mtf.wiki/05/627.html]
[transky.mtf.wiki/05/628.html]
[transky.mtf.wiki/05/629.html]
[transky.mtf.wiki/05/630.html]
[transky.mtf.wiki/05/631.html]
[transky.mtf.wiki/05/632.html]
[transky.mtf.wiki/05/633.html]
[transky.mtf.wiki/05/634.html]
[transky.mtf.wiki/05/635.html]
[transky.mtf.wiki/05/636.html]
[transky.mtf.wiki/05/637.html]
[transky.mtf.wiki/05/638.html]
[transky.mtf.wiki/05/639.html]
[transky.mtf.wiki/05/640.html]
[transky.mtf.wiki/05/641.html]
[transky.mtf.wiki/05/642.html]
[transky.mtf.wiki/05/643.html]
[transky.mtf.wiki/05/644.html]
[transky.mtf.wiki/05/645.html]
[transky.mtf.wiki/05/646.html]
[transky.mtf.wiki/05/647.html]
[transky.mtf.wiki/05/648.html]
[transky.mtf.wiki/05/649.html]
[transky.mtf.wiki/05/650.html]
[transky.mtf.wiki/05/651.html]
[transky.mtf.wiki/05/652.html]
[transky.mtf.wiki/05/653.html]
[transky.mtf.wiki/05/654.html]
[transky.mtf.wiki/05/655.html]
[transky.mtf.wiki/05/656.html]
[transky.mtf.wiki/05/657.html]
[transky.mtf.wiki/05/658.html]
[transky.mtf.wiki/05/659.html]
[transky.mtf.wiki/05/660.html]
[transky.mtf.wiki/05/661.html]
[transky.mtf.wiki/05/662.html]
[transky.mtf.wiki/05/663.html]
[transky.mtf.wiki/05/664.html]
[transky.mtf.wiki/05/665.html]
[transky.mtf.wiki/06/index.html]
[transky.mtf.wiki/06/001.html]
[transky.mtf.wiki/07/index.html]
[transky.mtf.wiki/07/001.html]
[transky.mtf.wiki/07/002.html]
[transky.mtf.wiki/07/003.html]
[transky.mtf.wiki/07/004.html]
[transky.mtf.wiki/07/005.html]
[transky.mtf.wiki/07/006.html]
[transky.mtf.wiki/07/007.html]
[transky.mtf.wiki/07/008.html]
[transky.mtf.wiki/07/009.html]
[transky.mtf.wiki/07/010.html]
[transky.mtf.wiki/07/012.html]
[transky.mtf.wiki/07/011.html]
[transky.mtf.wiki/07/013.html]
[transky.mtf.wiki/07/014.html]
[transky.mtf.wiki/07/015.html]
[transky.mtf.wiki/07/016.html]
[transky.mtf.wiki/07/017.html]
[transky.mtf.wiki/07/018.html]
[transky.mtf.wiki/07/019.html]
[transky.mtf.wiki/07/020.html]
[transky.mtf.wiki/07/021.html]
[transky.mtf.wiki/07/022.html]
[transky.mtf.wiki/07/024.html]
[transky.mtf.wiki/07/023.html]
[transky.mtf.wiki/07/025.html]
[transky.mtf.wiki/07/027.html]
[transky.mtf.wiki/07/028.html]
[transky.mtf.wiki/07/029.html]
[transky.mtf.wiki/07/026.html]
[transky.mtf.wiki/07/030.html]
[transky.mtf.wiki/07/032.html]
[transky.mtf.wiki/07/033.html]
[transky.mtf.wiki/07/031.html]
[transky.mtf.wiki/07/034.html]
[transky.mtf.wiki/08/index.html]
[transky.mtf.wiki/08/001.html]
[transky.mtf.wiki/08/002.html]
[transky.mtf.wiki/08/003.html]
[transky.mtf.wiki/08/004.html]
[transky.mtf.wiki/08/005.html]
[transky.mtf.wiki/08/006.html]
[transky.mtf.wiki/08/007.html]
[transky.mtf.wiki/08/008.html]
[transky.mtf.wiki/09/001.html]
[transky.mtf.wiki/09/index.html]
[transky.mtf.wiki/09/003.html]
[transky.mtf.wiki/09/004.html]
[transky.mtf.wiki/09/002.html]
[transky.mtf.wiki/09/005.html]
[transky.mtf.wiki/09/007.html]
[transky.mtf.wiki/09/008.html]
[transky.mtf.wiki/09/006.html]
[transky.mtf.wiki/09/009.html]
[transky.mtf.wiki/09/010.html]
[transky.mtf.wiki/09/011.html]
[transky.mtf.wiki/09/012.html]
[transky.mtf.wiki/09/013.html]
[transky.mtf.wiki/09/014.html]
[transky.mtf.wiki/09/015.html]
[transky.mtf.wiki/09/016.html]
[transky.mtf.wiki/09/017.html]
[transky.mtf.wiki/09/018.html]
[transky.mtf.wiki/09/019.html]
[transky.mtf.wiki/09/020.html]
[transky.mtf.wiki/09/021.html]
[transky.mtf.wiki/09/022.html]
[transky.mtf.wiki/09/023.html]
[transky.mtf.wiki/09/024.html]
[transky.mtf.wiki/09/025.html]
[transky.mtf.wiki/09/026.html]
[transky.mtf.wiki/09/027.html]
[transky.mtf.wiki/10/index.html]
[transky.mtf.wiki/10/001.html]
[transky.mtf.wiki/10/003.html]
[transky.mtf.wiki/10/004.html]
[transky.mtf.wiki/10/005.html]
[transky.mtf.wiki/10/002.html]
[transky.mtf.wiki/10/006.html]
[transky.mtf.wiki/10/007.html]
[transky.mtf.wiki/10/008.html]
[transky.mtf.wiki/afterword.html]
[transky.mtf.wiki/foreword.html]
[transky.mtf.wiki/illustrations.html]
[transky.mtf.wiki/assets/about.md.OFy_mBhx.lean.js]
[transky.mtf.wiki/assets/agreement.C8QwHWBD.jpg]
[transky.mtf.wiki/about.html]
[fonts.project-trans.org/fonts.html]
[fonts.project-trans.org/${link}/result.html]
[transky.mtf.wiki/01/index.html]
[transky.mtf.wiki/assets/01_index.md.DMcUXxZY.lean.js]
[transky.mtf.wiki/01/001.html]
[transky.mtf.wiki/assets/01_001.md.Y5_zwokE.lean.js]
[transky.mtf.wiki/01/002.html]
[transky.mtf.wiki/assets/01_002.md.tHw71YBH.lean.js]
[transky.mtf.wiki/01/003.html]
[transky.mtf.wiki/assets/01_003.md.ALgZYQLE.lean.js]
[transky.mtf.wiki/01/004.html]
[transky.mtf.wiki/assets/01_004.md.CxDLoTIS.lean.js]
[transky.mtf.wiki/01/005.html]
[transky.mtf.wiki/assets/01_005.md.CB-j8SLK.lean.js]
[transky.mtf.wiki/01/006.html]
[transky.mtf.wiki/assets/01_006.md.C-olmNQe.lean.js]
[transky.mtf.wiki/01/007.html]
[transky.mtf.wiki/assets/01_007.md.C4Oy_S_s.lean.js]
[transky.mtf.wiki/01/008.html]
[transky.mtf.wiki/assets/01_008.md.CdNf4J2g.lean.js]
[transky.mtf.wiki/01/009.html]
[transky.mtf.wiki/assets/01_009.md.DZvwlo7C.lean.js]
[transky.mtf.wiki/01/010.html]
[transky.mtf.wiki/assets/01_010.md.DpCreBdW.lean.js]
[transky.mtf.wiki/01/011.html]
[transky.mtf.wiki/assets/01_011.md.DyCIVcr7.lean.js]
[transky.mtf.wiki/01/012.html]
[transky.mtf.wiki/assets/01_012.md.Dfp_H2f4.lean.js]
[transky.mtf.wiki/01/013.html]
[transky.mtf.wiki/assets/01_013.md.DEQy76ev.lean.js]
[transky.mtf.wiki/01/014.html]
[transky.mtf.wiki/assets/01_014.md.BMtk4KNH.lean.js]
[transky.mtf.wiki/01/015.html]
[transky.mtf.wiki/assets/01_015.md.CI2gcc4R.lean.js]
[transky.mtf.wiki/01/016.html]
[transky.mtf.wiki/assets/01_016.md.C-UtQGRQ.lean.js]
[transky.mtf.wiki/01/017.html]
[transky.mtf.wiki/assets/01_017.md.CFxDpfQm.lean.js]
[transky.mtf.wiki/01/018.html]
[transky.mtf.wiki/assets/01_018.md.CJ7lAYCp.lean.js]
[transky.mtf.wiki/01/019.html]
[transky.mtf.wiki/assets/01_019.md.FnfZi-KS.lean.js]
[transky.mtf.wiki/01/020.html]
[transky.mtf.wiki/assets/01_020.md.BYKExT3F.lean.js]
[transky.mtf.wiki/01/021.html]
[transky.mtf.wiki/assets/01_021.md.w8bQYixA.lean.js]
[transky.mtf.wiki/01/022.html]
[transky.mtf.wiki/assets/01_022.md.Crj7wF9f.lean.js]
[transky.mtf.wiki/01/023.html]
[transky.mtf.wiki/assets/01_023.md.CbpvFnXa.lean.js]
[transky.mtf.wiki/01/024.html]
[transky.mtf.wiki/assets/01_024.md.ClU4tjfp.lean.js]
[transky.mtf.wiki/01/025.html]
[transky.mtf.wiki/assets/01_025.md.DM5Kewz5.lean.js]
[transky.mtf.wiki/01/026.html]
[transky.mtf.wiki/assets/01_026.md.BdoDkiSS.lean.js]
[transky.mtf.wiki/01/027.html]
[transky.mtf.wiki/assets/01_027.md.JDpUZtdI.lean.js]
[transky.mtf.wiki/01/028.html]
[transky.mtf.wiki/assets/01_028.md.RuxJfCsg.lean.js]
[transky.mtf.wiki/01/029.html]
[transky.mtf.wiki/assets/01_029.md.G-0vAkLQ.lean.js]
[transky.mtf.wiki/01/030.html]
[transky.mtf.wiki/assets/01_030.md.BARWcJ13.lean.js]
[transky.mtf.wiki/01/031.html]
[transky.mtf.wiki/assets/01_031.md.DHbt8LKY.lean.js]
[transky.mtf.wiki/01/032.html]
[transky.mtf.wiki/assets/01_032.md.BbVNZydu.lean.js]
[transky.mtf.wiki/01/033.html]
[transky.mtf.wiki/assets/01_033.md.CDgriywu.lean.js]
[transky.mtf.wiki/01/034.html]
[transky.mtf.wiki/assets/01_034.md.D5q0kZsm.lean.js]
[transky.mtf.wiki/01/035.html]
[transky.mtf.wiki/assets/01_035.md.CpOGsbux.lean.js]
[transky.mtf.wiki/01/036.html]
[transky.mtf.wiki/assets/01_036.md.3LU45vM8.lean.js]
[transky.mtf.wiki/01/037.html]
[transky.mtf.wiki/assets/01_037.md.CzBa5BDg.lean.js]
[transky.mtf.wiki/01/038.html]
[transky.mtf.wiki/assets/01_038.md.vQ8ykAg-.lean.js]
[transky.mtf.wiki/01/039.html]
[transky.mtf.wiki/assets/01_039.md.CRozjmOW.lean.js]
[transky.mtf.wiki/01/040.html]
[transky.mtf.wiki/assets/01_040.md.pouenF92.lean.js]
[transky.mtf.wiki/01/041.html]
[transky.mtf.wiki/assets/01_041.md.BcsFEup2.lean.js]
[transky.mtf.wiki/01/042.html]
[transky.mtf.wiki/assets/01_042.md.Cw8Ss0Dw.lean.js]
[transky.mtf.wiki/01/043.html]
[transky.mtf.wiki/assets/01_043.md.yRFI1EWp.lean.js]
[transky.mtf.wiki/01/044.html]
[transky.mtf.wiki/assets/01_044.md.CidrysZa.lean.js]
[transky.mtf.wiki/01/045.html]
[transky.mtf.wiki/assets/01_045.md.C9ap4V5W.lean.js]
[transky.mtf.wiki/01/046.html]
[transky.mtf.wiki/assets/01_046.md.VSlo3-k_.lean.js]
[transky.mtf.wiki/01/047.html]
[transky.mtf.wiki/assets/01_047.md.BWurUUqF.lean.js]
[transky.mtf.wiki/01/048.html]
[transky.mtf.wiki/assets/01_048.md.DoL9xnf1.lean.js]
[transky.mtf.wiki/01/049.html]
[transky.mtf.wiki/assets/01_049.md.2Q9uP8fV.lean.js]
[transky.mtf.wiki/01/050.html]
[transky.mtf.wiki/assets/01_050.md.C-wxkU-F.lean.js]
[transky.mtf.wiki/01/051.html]
[transky.mtf.wiki/assets/01_051.md.CfXMrxCh.lean.js]
[transky.mtf.wiki/01/052.html]
[transky.mtf.wiki/assets/01_052.md.D6mpteSj.lean.js]
[transky.mtf.wiki/01/053.html]
[transky.mtf.wiki/assets/01_053.md.BREIexdl.lean.js]
[transky.mtf.wiki/01/054.html]
[transky.mtf.wiki/assets/01_054.md.B0Fo6k_U.lean.js]
[transky.mtf.wiki/01/055.html]
[transky.mtf.wiki/assets/01_055.md.Ca7WoHSF.lean.js]
[transky.mtf.wiki/01/056.html]
[transky.mtf.wiki/assets/01_056.md.BQoO9_kB.lean.js]
[transky.mtf.wiki/01/057.html]
[transky.mtf.wiki/assets/01_057.md.5aDxQY_R.lean.js]
[transky.mtf.wiki/01/058.html]
[transky.mtf.wiki/assets/01_058.md.B5FY-iH2.lean.js]
[transky.mtf.wiki/01/059.html]
[transky.mtf.wiki/assets/01_059.md.CBF1kAy6.lean.js]
[transky.mtf.wiki/01/060.html]
[transky.mtf.wiki/assets/01_060.md.BUnQiS0S.lean.js]
[transky.mtf.wiki/02/index.html]
[transky.mtf.wiki/assets/02_index.md.DE4zyj4H.lean.js]
[transky.mtf.wiki/02/061.html]
[transky.mtf.wiki/assets/02_061.md.C5fbZCSY.lean.js]
[transky.mtf.wiki/02/062.html]
[transky.mtf.wiki/assets/02_062.md.3_T679-T.lean.js]
[transky.mtf.wiki/02/063.html]
[transky.mtf.wiki/assets/02_063.md.m_d7ft0C.lean.js]
[transky.mtf.wiki/02/064.html]
[transky.mtf.wiki/assets/02_064.md.z6RZF90s.lean.js]
[transky.mtf.wiki/02/065.html]
[transky.mtf.wiki/assets/02_065.md.BhhGO_nO.lean.js]
[transky.mtf.wiki/02/066.html]
[transky.mtf.wiki/assets/02_066.md.fUlyw0sK.lean.js]
[transky.mtf.wiki/02/067.html]
[transky.mtf.wiki/assets/02_067.md.BeYICM0_.lean.js]
[transky.mtf.wiki/02/068.html]
[transky.mtf.wiki/assets/02_068.md.jOFUs2Eb.lean.js]
[transky.mtf.wiki/02/069.html]
[transky.mtf.wiki/assets/02_069.md.LKu3_g_c.lean.js]
[transky.mtf.wiki/02/070.html]
[transky.mtf.wiki/assets/02_070.md.B0RhW8uw.lean.js]
[transky.mtf.wiki/02/071.html]
[transky.mtf.wiki/assets/02_071.md.66OqGKI4.lean.js]
[transky.mtf.wiki/02/072.html]
[transky.mtf.wiki/assets/02_072.md.BlMU_d_W.lean.js]
[transky.mtf.wiki/02/073.html]
[transky.mtf.wiki/assets/02_073.md.HOE6yVyP.lean.js]
[transky.mtf.wiki/02/074.html]
[transky.mtf.wiki/assets/02_074.md.DDa5hx1m.lean.js]
[transky.mtf.wiki/02/075.html]
[transky.mtf.wiki/assets/02_075.md.DNxc5xAe.lean.js]
[transky.mtf.wiki/02/076.html]
[transky.mtf.wiki/assets/02_076.md.BsaHujwu.lean.js]
[transky.mtf.wiki/02/077.html]
[transky.mtf.wiki/assets/02_077.md.ClLejbWp.lean.js]
[transky.mtf.wiki/02/078.html]
[transky.mtf.wiki/assets/02_078.md.BM0bnD3I.lean.js]
[transky.mtf.wiki/02/079.html]
[transky.mtf.wiki/assets/02_079.md.B8vi3qId.lean.js]
[transky.mtf.wiki/02/080.html]
[transky.mtf.wiki/assets/02_080.md.Dv7H2vK9.lean.js]
[transky.mtf.wiki/02/081.html]
[transky.mtf.wiki/assets/02_081.md.19QwblVU.lean.js]
[transky.mtf.wiki/02/082.html]
[transky.mtf.wiki/assets/02_082.md.Dy3yrWYj.lean.js]
[transky.mtf.wiki/02/083.html]
[transky.mtf.wiki/02/084.html]
[transky.mtf.wiki/02/085.html]
[transky.mtf.wiki/02/086.html]
[transky.mtf.wiki/02/087.html]
[transky.mtf.wiki/02/088.html]
[transky.mtf.wiki/02/089.html]
[transky.mtf.wiki/02/090.html]
[transky.mtf.wiki/02/091.html]
[transky.mtf.wiki/02/092.html]
[transky.mtf.wiki/02/093.html]
[transky.mtf.wiki/02/094.html]
[transky.mtf.wiki/02/095.html]
[transky.mtf.wiki/02/096.html]
[transky.mtf.wiki/02/097.html]
[transky.mtf.wiki/assets/02_097.md.Cn5foAXK.lean.js]
[transky.mtf.wiki/02/098.html]
[transky.mtf.wiki/assets/02_098.md.d1t2DUgk.lean.js]
[transky.mtf.wiki/02/099.html]
[transky.mtf.wiki/assets/02_099.md.BlQbRjUi.lean.js]
[transky.mtf.wiki/02/100.html]
[transky.mtf.wiki/assets/02_100.md.BdQmBLg-.lean.js]
[transky.mtf.wiki/02/101.html]
[transky.mtf.wiki/assets/02_101.md.CrZhgnTu.lean.js]
[transky.mtf.wiki/02/102.html]
[transky.mtf.wiki/assets/02_102.md.C8NMRB5-.lean.js]
[transky.mtf.wiki/02/103.html]
[transky.mtf.wiki/assets/02_103.md.vVOJeKUa.lean.js]
[transky.mtf.wiki/02/104.html]
[transky.mtf.wiki/assets/02_104.md.NWiNmIsv.lean.js]
[transky.mtf.wiki/02/105.html]
[transky.mtf.wiki/assets/02_105.md.BNzMN9zQ.lean.js]
[transky.mtf.wiki/02/106.html]
[transky.mtf.wiki/assets/02_106.md.DVbJ8Noy.lean.js]
[transky.mtf.wiki/02/107.html]
[transky.mtf.wiki/assets/02_107.md.DJPywokQ.lean.js]
[transky.mtf.wiki/02/108.html]
[transky.mtf.wiki/assets/02_108.md.BgFY7TsF.lean.js]
[transky.mtf.wiki/02/109.html]
[transky.mtf.wiki/assets/02_109.md.B92r1PE5.lean.js]
[transky.mtf.wiki/02/110.html]
[transky.mtf.wiki/assets/02_110.md.ByP1xQWa.lean.js]
[transky.mtf.wiki/02/111.html]
[transky.mtf.wiki/assets/02_111.md.PIRdEJvy.lean.js]
[transky.mtf.wiki/02/112.html]
[transky.mtf.wiki/assets/02_112.md.DMOgJHMP.lean.js]
[transky.mtf.wiki/02/113.html]
[transky.mtf.wiki/assets/02_113.md.T26ZHrYK.lean.js]
[transky.mtf.wiki/02/114.html]
[transky.mtf.wiki/assets/02_114.md.DOL_lPGS.lean.js]
[transky.mtf.wiki/02/115.html]
[transky.mtf.wiki/assets/02_115.md.BVokudYV.lean.js]
[transky.mtf.wiki/02/116.html]
[transky.mtf.wiki/assets/02_116.md.BMs9gjRe.lean.js]
[transky.mtf.wiki/02/117.html]
[transky.mtf.wiki/assets/02_117.md.DHnI3rYs.lean.js]
[transky.mtf.wiki/02/118.html]
[transky.mtf.wiki/02/119.html]
[transky.mtf.wiki/assets/02_118.md.V9PTDGA-.lean.js]
[transky.mtf.wiki/assets/02_119.md.geEEoeOS.lean.js]
[transky.mtf.wiki/02/120.html]
[transky.mtf.wiki/assets/02_120.md.LAZzrxTj.lean.js]
[transky.mtf.wiki/02/121.html]
[transky.mtf.wiki/assets/02_121.md.BZKqhkfN.lean.js]
[transky.mtf.wiki/02/122.html]
[transky.mtf.wiki/assets/02_122.md.Bgf3M84w.lean.js]
[transky.mtf.wiki/02/123.html]
[transky.mtf.wiki/assets/02_123.md.Ct6hRc2H.lean.js]
[transky.mtf.wiki/02/124.html]
[transky.mtf.wiki/assets/02_124.md.DqlATIH3.lean.js]
[transky.mtf.wiki/02/125.html]
[transky.mtf.wiki/assets/02_125.md.B3zEIvuR.lean.js]
[transky.mtf.wiki/02/126.html]
[transky.mtf.wiki/assets/02_126.md.Dxa5PHz9.lean.js]
[transky.mtf.wiki/02/127.html]
[transky.mtf.wiki/assets/02_127.md.KYn78-hO.lean.js]
[transky.mtf.wiki/02/128.html]
[transky.mtf.wiki/assets/02_128.md.CpNaOhDE.lean.js]
[transky.mtf.wiki/02/129.html]
[transky.mtf.wiki/assets/02_129.md.DD7ukI44.lean.js]
[transky.mtf.wiki/02/130.html]
[transky.mtf.wiki/assets/02_130.md.COwOqZYt.lean.js]
[transky.mtf.wiki/02/131.html]
[transky.mtf.wiki/assets/02_131.md.-r5S2Zlc.lean.js]
[transky.mtf.wiki/02/132.html]
[transky.mtf.wiki/assets/02_132.md.CyTkrv82.lean.js]
[transky.mtf.wiki/02/133.html]
[transky.mtf.wiki/assets/02_133.md.CEzuQQmg.lean.js]
[transky.mtf.wiki/02/134.html]
[transky.mtf.wiki/assets/02_134.md.8K203NuQ.lean.js]
[transky.mtf.wiki/02/135.html]
[transky.mtf.wiki/assets/02_135.md.DTGwXlln.lean.js]
[transky.mtf.wiki/02/136.html]
[transky.mtf.wiki/assets/02_136.md.xfUqABfN.lean.js]
[transky.mtf.wiki/02/137.html]
[transky.mtf.wiki/assets/02_137.md.C8zIPH4Q.lean.js]
[transky.mtf.wiki/02/138.html]
[transky.mtf.wiki/assets/02_138.md.DNC8bJdV.lean.js]
[transky.mtf.wiki/02/139.html]
[transky.mtf.wiki/assets/02_139.md.tL4xgxJb.lean.js]
[transky.mtf.wiki/02/140.html]
[transky.mtf.wiki/assets/02_140.md.DhKyLL48.lean.js]
[transky.mtf.wiki/02/141.html]
[transky.mtf.wiki/assets/02_141.md.CmFmlZEg.lean.js]
[transky.mtf.wiki/02/142.html]
[transky.mtf.wiki/assets/02_142.md.D_kVqjTR.lean.js]
[transky.mtf.wiki/02/143.html]
[transky.mtf.wiki/assets/02_143.md.B27RkLqo.lean.js]
[transky.mtf.wiki/02/144.html]
[transky.mtf.wiki/assets/02_144.md.DvOpUiJY.lean.js]
[transky.mtf.wiki/02/145.html]
[transky.mtf.wiki/assets/02_145.md.BEGTrHWE.lean.js]
[transky.mtf.wiki/02/146.html]
[transky.mtf.wiki/assets/02_146.md.b8q0J02Y.lean.js]
[transky.mtf.wiki/02/147.html]
[transky.mtf.wiki/assets/02_147.md.Cmb2HaxT.lean.js]
[transky.mtf.wiki/02/148.html]
[transky.mtf.wiki/assets/02_148.md.BVe7e9eo.lean.js]
[transky.mtf.wiki/02/149.html]
[transky.mtf.wiki/assets/02_149.md.mIpuqIBB.lean.js]
[transky.mtf.wiki/02/150.html]
[transky.mtf.wiki/assets/02_150.md.Du5zBGeP.lean.js]
[transky.mtf.wiki/02/151.html]
[transky.mtf.wiki/assets/02_151.md.Djk1bUHR.lean.js]
[transky.mtf.wiki/02/152.html]
[transky.mtf.wiki/assets/02_152.md.SveZ6vzO.lean.js]
[transky.mtf.wiki/02/153.html]
[transky.mtf.wiki/assets/02_153.md.Dj5xsVcr.lean.js]
[transky.mtf.wiki/02/154.html]
[transky.mtf.wiki/assets/02_154.md.BD1_b_Ma.lean.js]
[transky.mtf.wiki/02/155.html]
[transky.mtf.wiki/assets/02_155.md.BEAk9U72.lean.js]
[transky.mtf.wiki/02/156.html]
[transky.mtf.wiki/assets/02_156.md.BnULfn46.lean.js]
[transky.mtf.wiki/02/157.html]
[transky.mtf.wiki/assets/02_157.md.Do3kHmL5.lean.js]
[transky.mtf.wiki/02/158.html]
[transky.mtf.wiki/assets/02_158.md.C70xZEFA.lean.js]
[transky.mtf.wiki/02/159.html]
[transky.mtf.wiki/assets/02_159.md.BfeEYyHO.lean.js]
[transky.mtf.wiki/02/160.html]
[transky.mtf.wiki/assets/02_160.md.Dfy5db_W.lean.js]
[transky.mtf.wiki/02/161.html]
[transky.mtf.wiki/assets/02_161.md.UbdMoT0U.lean.js]
[transky.mtf.wiki/02/162.html]
[transky.mtf.wiki/assets/02_162.md.BZmfMWtF.lean.js]
[transky.mtf.wiki/02/163.html]
[transky.mtf.wiki/assets/02_163.md.DgOzUEpL.lean.js]
[transky.mtf.wiki/02/164.html]
[transky.mtf.wiki/assets/02_164.md.DHtWiSgJ.lean.js]
[transky.mtf.wiki/02/165.html]
[transky.mtf.wiki/assets/02_165.md.B68GujST.lean.js]
[transky.mtf.wiki/02/166.html]
[transky.mtf.wiki/assets/02_166.md.DxD2OuaR.lean.js]
[transky.mtf.wiki/02/167.html]
[transky.mtf.wiki/assets/02_167.md.D1z9w-lY.lean.js]
[transky.mtf.wiki/02/168.html]
[transky.mtf.wiki/assets/02_168.md.Dr4T679M.lean.js]
[transky.mtf.wiki/02/169.html]
[transky.mtf.wiki/assets/02_169.md.DPp27Ms9.lean.js]
[transky.mtf.wiki/02/170.html]
[transky.mtf.wiki/assets/02_170.md.Dd_-vUlc.lean.js]
[transky.mtf.wiki/02/171.html]
[transky.mtf.wiki/assets/02_171.md.MzkRJbKd.lean.js]
[transky.mtf.wiki/02/172.html]
[transky.mtf.wiki/assets/02_172.md.ygaowr99.lean.js]
[transky.mtf.wiki/02/173.html]
[transky.mtf.wiki/assets/02_173.md.B9T7HC09.lean.js]
[transky.mtf.wiki/02/174.html]
[transky.mtf.wiki/assets/02_174.md.DYmWgWMc.lean.js]
[transky.mtf.wiki/02/175.html]
[transky.mtf.wiki/assets/02_175.md.RPfa2Rus.lean.js]
[transky.mtf.wiki/02/176.html]
[transky.mtf.wiki/assets/02_176.md.DPTzabsh.lean.js]
[transky.mtf.wiki/02/177.html]
[transky.mtf.wiki/assets/02_177.md.CvgrqE_-.lean.js]
[transky.mtf.wiki/02/178.html]
[transky.mtf.wiki/assets/02_178.md.NLK6aRRS.lean.js]
[transky.mtf.wiki/02/179.html]
[transky.mtf.wiki/assets/02_179.md.Cdn8N5QI.lean.js]
[transky.mtf.wiki/02/180.html]
[transky.mtf.wiki/assets/02_180.md.CllgCpsG.lean.js]
[transky.mtf.wiki/02/181.html]
[transky.mtf.wiki/assets/02_181.md.ChN3wLEt.lean.js]
[transky.mtf.wiki/02/182.html]
[transky.mtf.wiki/assets/02_182.md.UPVNqYmS.lean.js]
[transky.mtf.wiki/02/183.html]
[transky.mtf.wiki/assets/02_183.md.BEmEMZYq.lean.js]
[transky.mtf.wiki/02/184.html]
[transky.mtf.wiki/assets/02_184.md.y2hVRBje.lean.js]
[transky.mtf.wiki/02/185.html]
[transky.mtf.wiki/assets/02_185.md.DOrddp3x.lean.js]
[transky.mtf.wiki/02/186.html]
[transky.mtf.wiki/assets/02_186.md.CB8PhoK0.lean.js]
[transky.mtf.wiki/02/187.html]
[transky.mtf.wiki/assets/02_187.md.Co-EYjpl.lean.js]
[transky.mtf.wiki/02/188.html]
[transky.mtf.wiki/assets/02_188.md.DtGiRlV5.lean.js]
[transky.mtf.wiki/02/189.html]
[transky.mtf.wiki/assets/02_189.md.DE1btgVr.lean.js]
[transky.mtf.wiki/02/190.html]
[transky.mtf.wiki/assets/02_190.md.CVFdNpYq.lean.js]
[transky.mtf.wiki/02/191.html]
[transky.mtf.wiki/assets/02_191.md.CfMCwBMR.lean.js]
[transky.mtf.wiki/02/192.html]
[transky.mtf.wiki/assets/02_192.md.C0PpG3CT.lean.js]
[transky.mtf.wiki/02/193.html]
[transky.mtf.wiki/assets/02_193.md.BB8JUI7I.lean.js]
[transky.mtf.wiki/02/194.html]
[transky.mtf.wiki/assets/02_194.md.Dk0sE4ZJ.lean.js]
[transky.mtf.wiki/02/195.html]
[transky.mtf.wiki/assets/02_195.md.BJRA2RO9.lean.js]
[transky.mtf.wiki/02/196.html]
[transky.mtf.wiki/assets/02_196.md.CQeI8dw3.lean.js]
[transky.mtf.wiki/02/197.html]
[transky.mtf.wiki/assets/02_197.md.Gf6DU7e0.lean.js]
[transky.mtf.wiki/02/198.html]
[transky.mtf.wiki/assets/02_198.md.C_jw50p8.lean.js]
[transky.mtf.wiki/02/199.html]
[transky.mtf.wiki/assets/02_199.md.b_fJOLmC.lean.js]
[transky.mtf.wiki/02/200.html]
[transky.mtf.wiki/assets/02_200.md.Bfi2O6Yl.lean.js]
[transky.mtf.wiki/03/index.html]
[transky.mtf.wiki/assets/03_index.md.CeEwcJtu.lean.js]
[transky.mtf.wiki/03/201.html]
[transky.mtf.wiki/assets/03_201.md.0pg0fZf1.lean.js]
[transky.mtf.wiki/03/202.html]
[transky.mtf.wiki/assets/03_202.md.D2BSg7NX.lean.js]
[transky.mtf.wiki/03/203.html]
[transky.mtf.wiki/assets/03_203.md.xAVKqsSR.lean.js]
[transky.mtf.wiki/03/204.html]
[transky.mtf.wiki/assets/03_204.md.CgfYDh4b.lean.js]
[transky.mtf.wiki/03/205.html]
[transky.mtf.wiki/assets/03_205.md.C_4U95bk.lean.js]
[transky.mtf.wiki/03/206.html]
[transky.mtf.wiki/assets/03_206.md.O56Drwwx.lean.js]
[transky.mtf.wiki/03/207.html]
[transky.mtf.wiki/assets/03_207.md.CnJETgqe.lean.js]
[transky.mtf.wiki/03/208.html]
[transky.mtf.wiki/assets/03_208.md.CqrQKLxc.lean.js]
[transky.mtf.wiki/03/209.html]
[transky.mtf.wiki/assets/03_209.md.BcZq3pZV.lean.js]
[transky.mtf.wiki/03/210.html]
[transky.mtf.wiki/assets/03_210.md.Bo7MTuxj.lean.js]
[transky.mtf.wiki/03/211.html]
[transky.mtf.wiki/assets/03_211.md.D-Tx17qt.lean.js]
[transky.mtf.wiki/03/212.html]
[transky.mtf.wiki/assets/03_212.md.lHOnJRTh.lean.js]
[transky.mtf.wiki/03/213.html]
[transky.mtf.wiki/assets/03_213.md.DlQ2Pxei.lean.js]
[transky.mtf.wiki/03/214.html]
[transky.mtf.wiki/assets/03_214.md.Bmt3qgBY.lean.js]
[transky.mtf.wiki/03/215.html]
[transky.mtf.wiki/assets/03_215.md.Bp1fJDdP.lean.js]
[transky.mtf.wiki/03/216.html]
[transky.mtf.wiki/assets/03_216.md.FqrktlQC.lean.js]
[transky.mtf.wiki/03/217.html]
[transky.mtf.wiki/assets/03_217.md.69LgE-6q.lean.js]
[transky.mtf.wiki/03/218.html]
[transky.mtf.wiki/assets/03_218.md.yiN0-iIh.lean.js]
[transky.mtf.wiki/03/219.html]
[transky.mtf.wiki/assets/03_219.md.BEfEd1Nn.lean.js]
[transky.mtf.wiki/03/220.html]
[transky.mtf.wiki/assets/03_220.md.CXniDi7F.lean.js]
[transky.mtf.wiki/03/221.html]
[transky.mtf.wiki/assets/03_221.md.DVkorJRn.lean.js]
[transky.mtf.wiki/03/222.html]
[transky.mtf.wiki/assets/03_222.md.bmdGEzjE.lean.js]
[transky.mtf.wiki/03/223.html]
[transky.mtf.wiki/assets/03_223.md.Ckn5iKEg.lean.js]
[transky.mtf.wiki/03/224.html]
[transky.mtf.wiki/assets/03_224.md.CmQVu9P2.lean.js]
[transky.mtf.wiki/03/225.html]
[transky.mtf.wiki/assets/03_225.md.cGO5UNjX.lean.js]
[transky.mtf.wiki/03/226.html]
[transky.mtf.wiki/assets/03_226.md.BMd6PlFz.lean.js]
[transky.mtf.wiki/03/227.html]
[transky.mtf.wiki/assets/03_227.md.BSM9ZF0Z.lean.js]
[transky.mtf.wiki/03/228.html]
[transky.mtf.wiki/assets/03_228.md.Cj7IhMSC.lean.js]
[transky.mtf.wiki/03/229.html]
[transky.mtf.wiki/assets/03_229.md.9BJxXUKJ.lean.js]
[transky.mtf.wiki/03/230.html]
[transky.mtf.wiki/assets/03_230.md.Dlm1Aufv.lean.js]
[transky.mtf.wiki/03/231.html]
[transky.mtf.wiki/assets/03_231.md.CnDHuCUF.lean.js]
[transky.mtf.wiki/03/232.html]
[transky.mtf.wiki/assets/03_232.md.C4ovZEI3.lean.js]
[transky.mtf.wiki/03/233.html]
[transky.mtf.wiki/assets/03_233.md.TUWQC6nb.lean.js]
[transky.mtf.wiki/03/234.html]
[transky.mtf.wiki/assets/03_234.md.CSeYRzA4.lean.js]
[transky.mtf.wiki/03/235.html]
[transky.mtf.wiki/assets/03_235.md.C0bo20tG.lean.js]
[transky.mtf.wiki/03/236.html]
[transky.mtf.wiki/assets/03_236.md.DYwER21C.lean.js]
[transky.mtf.wiki/03/237.html]
[transky.mtf.wiki/assets/03_237.md.BFFJV2_f.lean.js]
[transky.mtf.wiki/03/238.html]
[transky.mtf.wiki/assets/03_238.md.Bqy8SWQn.lean.js]
[transky.mtf.wiki/03/239.html]
[transky.mtf.wiki/assets/03_239.md.BHg7dnY4.lean.js]
[transky.mtf.wiki/03/240.html]
[transky.mtf.wiki/assets/03_240.md.D0y5xEma.lean.js]
[transky.mtf.wiki/03/241.html]
[transky.mtf.wiki/assets/03_241.md.DVaROMsV.lean.js]
[transky.mtf.wiki/03/242.html]
[transky.mtf.wiki/assets/03_242.md.q_iFSOE5.lean.js]
[transky.mtf.wiki/03/243.html]
[transky.mtf.wiki/assets/03_243.md.C5pRJslq.lean.js]
[transky.mtf.wiki/03/244.html]
[transky.mtf.wiki/assets/03_244.md.B4ReY6ra.lean.js]
[transky.mtf.wiki/03/245.html]
[transky.mtf.wiki/assets/03_245.md.BjJpLvC3.lean.js]
[transky.mtf.wiki/03/246.html]
[transky.mtf.wiki/assets/03_246.md.BYIM5JKH.lean.js]
[transky.mtf.wiki/03/247.html]
[transky.mtf.wiki/assets/03_247.md.BEaAjchM.lean.js]
[transky.mtf.wiki/03/248.html]
[transky.mtf.wiki/assets/03_248.md.BNGGz1gE.lean.js]
[transky.mtf.wiki/03/249.html]
[transky.mtf.wiki/assets/03_249.md.BwSUkR2j.lean.js]
[transky.mtf.wiki/03/250.html]
[transky.mtf.wiki/assets/03_250.md.DlkFSjmj.lean.js]
[transky.mtf.wiki/03/251.html]
[transky.mtf.wiki/assets/03_251.md.CSIEH-wV.lean.js]
[transky.mtf.wiki/03/252.html]
[transky.mtf.wiki/assets/03_252.md.Xx3RCxJj.lean.js]
[transky.mtf.wiki/03/253.html]
[transky.mtf.wiki/assets/03_253.md.DnQgNI1Z.lean.js]
[transky.mtf.wiki/03/254.html]
[transky.mtf.wiki/assets/03_254.md.B0g4W9ED.lean.js]
[transky.mtf.wiki/03/255.html]
[transky.mtf.wiki/assets/03_255.md.D-lSJ6Gm.lean.js]
[transky.mtf.wiki/03/256.html]
[transky.mtf.wiki/assets/03_256.md.BjQpr7QF.lean.js]
[transky.mtf.wiki/03/257.html]
[transky.mtf.wiki/assets/03_257.md.C0O_FDGh.lean.js]
[transky.mtf.wiki/03/258.html]
[transky.mtf.wiki/assets/03_258.md.BUKpbJtQ.lean.js]
[transky.mtf.wiki/03/259.html]
[transky.mtf.wiki/assets/03_259.md.CgrZO4wh.lean.js]
[transky.mtf.wiki/03/260.html]
[transky.mtf.wiki/assets/03_260.md.CpxM10qA.lean.js]
[transky.mtf.wiki/03/261.html]
[transky.mtf.wiki/assets/03_261.md.CMVu-xv8.lean.js]
[transky.mtf.wiki/03/262.html]
[transky.mtf.wiki/assets/03_262.md.CEtpkw_u.lean.js]
[transky.mtf.wiki/03/263.html]
[transky.mtf.wiki/assets/03_263.md.C-B8KIpD.lean.js]
[transky.mtf.wiki/03/264.html]
[transky.mtf.wiki/assets/03_264.md.CFrmiW2D.lean.js]
[transky.mtf.wiki/03/265.html]
[transky.mtf.wiki/assets/03_265.md.CHkBuPpP.lean.js]
[transky.mtf.wiki/03/266.html]
[transky.mtf.wiki/assets/03_266.md.hRgkzbn1.lean.js]
[transky.mtf.wiki/03/267.html]
[transky.mtf.wiki/assets/03_267.md.B8bUNXk5.lean.js]
[transky.mtf.wiki/03/268.html]
[transky.mtf.wiki/assets/03_268.md.BfUS_If1.lean.js]
[transky.mtf.wiki/03/269.html]
[transky.mtf.wiki/assets/03_269.md.D6mLEg7O.lean.js]
[transky.mtf.wiki/03/270.html]
[transky.mtf.wiki/assets/03_270.md.D7uxpCku.lean.js]
[transky.mtf.wiki/03/271.html]
[transky.mtf.wiki/assets/03_271.md.Bcs-e_hV.lean.js]
[transky.mtf.wiki/03/272.html]
[transky.mtf.wiki/assets/03_272.md.DDJVhXnU.lean.js]
[transky.mtf.wiki/03/273.html]
[transky.mtf.wiki/assets/03_273.md.Cy7WIvUx.lean.js]
[transky.mtf.wiki/03/274.html]
[transky.mtf.wiki/assets/03_274.md.jFqf8Ppu.lean.js]
[transky.mtf.wiki/03/275.html]
[transky.mtf.wiki/assets/03_275.md.B24f5FT_.lean.js]
[transky.mtf.wiki/03/276.html]
[transky.mtf.wiki/assets/03_276.md.DIyYCk5U.lean.js]
[transky.mtf.wiki/03/277.html]
[transky.mtf.wiki/assets/03_277.md.BjPeHvHV.lean.js]
[transky.mtf.wiki/03/278.html]
[transky.mtf.wiki/assets/03_278.md.DSn5Trs0.lean.js]
[transky.mtf.wiki/03/279.html]
[transky.mtf.wiki/assets/03_279.md.CMlFyfIH.lean.js]
[transky.mtf.wiki/03/280.html]
[transky.mtf.wiki/assets/03_280.md.Btc1ujWm.lean.js]
[transky.mtf.wiki/03/281.html]
[transky.mtf.wiki/assets/03_281.md.5WshxQiV.lean.js]
[transky.mtf.wiki/03/282.html]
[transky.mtf.wiki/assets/03_282.md.Xb_XOUdx.lean.js]
[transky.mtf.wiki/03/283.html]
[transky.mtf.wiki/assets/03_283.md.DqKQDC-J.lean.js]
[transky.mtf.wiki/03/284.html]
[transky.mtf.wiki/assets/03_284.md.CZsHScAi.lean.js]
[transky.mtf.wiki/03/285.html]
[transky.mtf.wiki/assets/03_285.md.BYfmJKwz.lean.js]
[transky.mtf.wiki/03/286.html]
[transky.mtf.wiki/assets/03_286.md.BrzZd1yd.lean.js]
[transky.mtf.wiki/03/287.html]
[transky.mtf.wiki/assets/03_287.md.CN1xHEq-.lean.js]
[transky.mtf.wiki/03/288.html]
[transky.mtf.wiki/assets/03_288.md.DAqVSH0A.lean.js]
[transky.mtf.wiki/03/289.html]
[transky.mtf.wiki/assets/03_289.md.IyLnI6nh.lean.js]
[transky.mtf.wiki/03/290.html]
[transky.mtf.wiki/assets/03_290.md.BQcUVpY1.lean.js]
[transky.mtf.wiki/03/291.html]
[transky.mtf.wiki/assets/03_291.md.BeflC7Bq.lean.js]
[transky.mtf.wiki/03/292.html]
[transky.mtf.wiki/assets/03_292.md.CbnVl78v.lean.js]
[transky.mtf.wiki/03/293.html]
[transky.mtf.wiki/assets/03_293.md.DI_UlxAl.lean.js]
[transky.mtf.wiki/03/294.html]
[transky.mtf.wiki/assets/03_294.md.4mbTw8Xp.lean.js]
[transky.mtf.wiki/03/295.html]
[transky.mtf.wiki/assets/03_295.md.-xsM9T2M.lean.js]
[transky.mtf.wiki/03/296.html]
[transky.mtf.wiki/assets/03_296.md.DzYEa-9l.lean.js]
[transky.mtf.wiki/03/297.html]
[transky.mtf.wiki/assets/03_297.md.BlI-OWqr.lean.js]
[transky.mtf.wiki/03/298.html]
[transky.mtf.wiki/assets/03_298.md.C3J7cqbZ.lean.js]
[transky.mtf.wiki/03/299.html]
[transky.mtf.wiki/assets/03_299.md.GuGgEdpH.lean.js]
[transky.mtf.wiki/03/300.html]
[transky.mtf.wiki/assets/03_300.md.Bsp_1TqB.lean.js]
[transky.mtf.wiki/03/301.html]
[transky.mtf.wiki/assets/03_301.md.BJoJw0DN.lean.js]
[transky.mtf.wiki/03/302.html]
[transky.mtf.wiki/assets/03_302.md.9eeaRY-P.lean.js]
[transky.mtf.wiki/03/303.html]
[transky.mtf.wiki/assets/03_303.md.BS8EI-YE.lean.js]
[transky.mtf.wiki/03/304.html]
[transky.mtf.wiki/assets/03_304.md.DHnmydo9.lean.js]
[transky.mtf.wiki/03/305.html]
[transky.mtf.wiki/assets/03_305.md.3vZlpR46.lean.js]
[transky.mtf.wiki/03/306.html]
[transky.mtf.wiki/assets/03_306.md.MKwRxvsW.lean.js]
[transky.mtf.wiki/03/307.html]
[transky.mtf.wiki/assets/03_307.md.x-F8Wrgr.lean.js]
[transky.mtf.wiki/03/308.html]
[transky.mtf.wiki/assets/03_308.md.CoJehmsv.lean.js]
[transky.mtf.wiki/03/309.html]
[transky.mtf.wiki/assets/03_309.md.CyYILnM9.lean.js]
[transky.mtf.wiki/03/310.html]
[transky.mtf.wiki/assets/03_310.md.DDw7hr65.lean.js]
[transky.mtf.wiki/03/311.html]
[transky.mtf.wiki/assets/03_311.md.Di2SL26g.lean.js]
[transky.mtf.wiki/03/312.html]
[transky.mtf.wiki/assets/03_312.md.CPt-C51q.lean.js]
[transky.mtf.wiki/03/313.html]
[transky.mtf.wiki/assets/03_313.md.cJtRhQ_T.lean.js]
[transky.mtf.wiki/03/314.html]
[transky.mtf.wiki/assets/03_314.md.DWheWYuv.lean.js]
[transky.mtf.wiki/03/315.html]
[transky.mtf.wiki/assets/03_315.md.DZX_MFTE.lean.js]
[transky.mtf.wiki/03/316.html]
[transky.mtf.wiki/assets/03_316.md.BR1YqRLA.lean.js]
[transky.mtf.wiki/03/317.html]
[transky.mtf.wiki/assets/03_317.md.BOCyEMTB.lean.js]
[transky.mtf.wiki/03/318.html]
[transky.mtf.wiki/assets/03_318.md.Deemozc7.lean.js]
[transky.mtf.wiki/03/319.html]
[transky.mtf.wiki/assets/03_319.md.9nIrmWOP.lean.js]
[transky.mtf.wiki/03/320.html]
[transky.mtf.wiki/assets/03_320.md.vOd3o6a9.lean.js]
[transky.mtf.wiki/03/321.html]
[transky.mtf.wiki/assets/03_321.md.V66UJoRw.lean.js]
[transky.mtf.wiki/03/322.html]
[transky.mtf.wiki/assets/03_322.md.BB0RXpSu.lean.js]
[transky.mtf.wiki/03/323.html]
[transky.mtf.wiki/assets/03_323.md.Dm2cSu7-.lean.js]
[transky.mtf.wiki/03/324.html]
[transky.mtf.wiki/assets/03_324.md.B0NbTGkE.lean.js]
[transky.mtf.wiki/03/325.html]
[transky.mtf.wiki/assets/03_325.md.BE-v0L-K.lean.js]
[transky.mtf.wiki/03/326.html]
[transky.mtf.wiki/assets/03_326.md.BHgoYAYc.lean.js]
[transky.mtf.wiki/03/327.html]
[transky.mtf.wiki/assets/03_327.md.ClBrWEno.lean.js]
[transky.mtf.wiki/03/328.html]
[transky.mtf.wiki/assets/03_328.md.DOzEQSLf.lean.js]
[transky.mtf.wiki/03/329.html]
[transky.mtf.wiki/assets/03_329.md.C5Cps7R5.lean.js]
[transky.mtf.wiki/03/330.html]
[transky.mtf.wiki/assets/03_330.md.C41_dwbz.lean.js]
[transky.mtf.wiki/03/331.html]
[transky.mtf.wiki/assets/03_331.md.CR8LX1kN.lean.js]
[transky.mtf.wiki/03/332.html]
[transky.mtf.wiki/assets/03_332.md.L8dcUZRW.lean.js]
[transky.mtf.wiki/03/333.html]
[transky.mtf.wiki/assets/03_333.md.D8a4pJUt.lean.js]
[transky.mtf.wiki/03/334.html]
[transky.mtf.wiki/assets/03_334.md.bmehJr1l.lean.js]
[transky.mtf.wiki/03/335.html]
[transky.mtf.wiki/assets/03_335.md.BoLfGD2d.lean.js]
[transky.mtf.wiki/03/336.html]
[transky.mtf.wiki/assets/03_336.md.CZHknHAe.lean.js]
[transky.mtf.wiki/03/337.html]
[transky.mtf.wiki/assets/03_337.md.D-ERpCJg.lean.js]
[transky.mtf.wiki/03/338.html]
[transky.mtf.wiki/assets/03_338.md.CLx3jd3D.lean.js]
[transky.mtf.wiki/03/339.html]
[transky.mtf.wiki/assets/03_339.md.CQq48Qy0.lean.js]
[transky.mtf.wiki/03/340.html]
[transky.mtf.wiki/assets/03_340.md.DwVq9Mgw.lean.js]
[transky.mtf.wiki/03/341.html]
[transky.mtf.wiki/assets/03_341.md.BD4Pd6VS.lean.js]
[transky.mtf.wiki/03/342.html]
[transky.mtf.wiki/assets/03_342.md.Dpj9yJ1q.lean.js]
[transky.mtf.wiki/03/343.html]
[transky.mtf.wiki/assets/03_343.md.T8RYkHlf.lean.js]
[transky.mtf.wiki/03/344.html]
[transky.mtf.wiki/assets/03_344.md.ZmQ1qKn9.lean.js]
[transky.mtf.wiki/03/345.html]
[transky.mtf.wiki/assets/03_345.md.DfNFd3JV.lean.js]
[transky.mtf.wiki/03/346.html]
[transky.mtf.wiki/assets/03_346.md.BlBOQwMI.lean.js]
[transky.mtf.wiki/03/347.html]
[transky.mtf.wiki/assets/03_347.md.DS6xGgWo.lean.js]
[transky.mtf.wiki/03/348.html]
[transky.mtf.wiki/assets/03_348.md.IX5iQSx4.lean.js]
[transky.mtf.wiki/03/349.html]
[transky.mtf.wiki/assets/03_349.md.DN9geAc8.lean.js]
[transky.mtf.wiki/03/350.html]
[transky.mtf.wiki/assets/03_350.md.D0PrDLLI.lean.js]
[transky.mtf.wiki/03/351.html]
[transky.mtf.wiki/assets/03_351.md.BC5mJHie.lean.js]
[transky.mtf.wiki/03/352.html]
[transky.mtf.wiki/assets/03_352.md.Dy3KJhKs.lean.js]
[transky.mtf.wiki/03/353.html]
[transky.mtf.wiki/assets/03_353.md.ByU-0AHy.lean.js]
[transky.mtf.wiki/03/354.html]
[transky.mtf.wiki/assets/03_354.md.BVyGhsjE.lean.js]
[transky.mtf.wiki/03/355.html]
[transky.mtf.wiki/assets/03_355.md.Cz-488yP.lean.js]
[transky.mtf.wiki/03/356.html]
[transky.mtf.wiki/assets/03_356.md.Cxw884sw.lean.js]
[transky.mtf.wiki/03/357.html]
[transky.mtf.wiki/assets/03_357.md.CnJfr2t6.lean.js]
[transky.mtf.wiki/03/358.html]
[transky.mtf.wiki/assets/03_358.md.RYVxH-XK.lean.js]
[transky.mtf.wiki/03/359.html]
[transky.mtf.wiki/assets/03_359.md.BThXrShW.lean.js]
[transky.mtf.wiki/03/360.html]
[transky.mtf.wiki/assets/03_360.md.Drs6IQZk.lean.js]
[transky.mtf.wiki/03/361.html]
[transky.mtf.wiki/assets/03_361.md.CFB892qp.lean.js]
[transky.mtf.wiki/03/362.html]
[transky.mtf.wiki/assets/03_362.md.CqobqzYq.lean.js]
[transky.mtf.wiki/03/363.html]
[transky.mtf.wiki/assets/03_363.md.CabPvMIY.lean.js]
[transky.mtf.wiki/03/364.html]
[transky.mtf.wiki/assets/03_364.md.Ck3Dm9wF.lean.js]
[transky.mtf.wiki/03/365.html]
[transky.mtf.wiki/assets/03_365.md.BQTShg90.lean.js]
[transky.mtf.wiki/03/366.html]
[transky.mtf.wiki/assets/03_366.md.BI9sbE8m.lean.js]
[transky.mtf.wiki/03/367.html]
[transky.mtf.wiki/assets/03_367.md.ZChu9tKX.lean.js]
[transky.mtf.wiki/03/368.html]
[transky.mtf.wiki/assets/03_368.md.T-KwUpUX.lean.js]
[transky.mtf.wiki/03/369.html]
[transky.mtf.wiki/assets/03_369.md.CQzNd101.lean.js]
[transky.mtf.wiki/03/370.html]
[transky.mtf.wiki/assets/03_370.md.B_BVUYSr.lean.js]
[transky.mtf.wiki/03/371.html]
[transky.mtf.wiki/assets/03_371.md.kIIo4rdT.lean.js]
[transky.mtf.wiki/03/372.html]
[transky.mtf.wiki/assets/03_372.md.C0FaF_iE.lean.js]
[transky.mtf.wiki/03/373.html]
[transky.mtf.wiki/assets/03_373.md.CGK_SuOQ.lean.js]
[transky.mtf.wiki/03/374.html]
[transky.mtf.wiki/assets/03_374.md.ChbYHONk.lean.js]
[transky.mtf.wiki/03/375.html]
[transky.mtf.wiki/assets/03_375.md.ntIqx3sm.lean.js]
[transky.mtf.wiki/03/376.html]
[transky.mtf.wiki/assets/03_376.md.YRH6L9U4.lean.js]
[transky.mtf.wiki/03/377.html]
[transky.mtf.wiki/assets/03_377.md.DdiKUDtT.lean.js]
[transky.mtf.wiki/03/378.html]
[transky.mtf.wiki/assets/03_378.md.CXYcletJ.lean.js]
[transky.mtf.wiki/03/379.html]
[transky.mtf.wiki/assets/03_379.md.DBnJO-ak.lean.js]
[transky.mtf.wiki/03/380.html]
[transky.mtf.wiki/assets/03_380.md.CGVUeFwO.lean.js]
[transky.mtf.wiki/03/381.html]
[transky.mtf.wiki/assets/03_381.md.ClOYE_aN.lean.js]
[transky.mtf.wiki/03/382.html]
[transky.mtf.wiki/assets/03_382.md.DCs8Vb_l.lean.js]
[transky.mtf.wiki/03/383.html]
[transky.mtf.wiki/assets/03_383.md.BvXDVdKM.lean.js]
[transky.mtf.wiki/03/384.html]
[transky.mtf.wiki/assets/03_384.md.BXOJwQ06.lean.js]
[transky.mtf.wiki/03/385.html]
[transky.mtf.wiki/assets/03_385.md.BU_ufBf_.lean.js]
[transky.mtf.wiki/03/386.html]
[transky.mtf.wiki/assets/03_386.md.DCCtbAl-.lean.js]
[transky.mtf.wiki/03/387.html]
[transky.mtf.wiki/assets/03_387.md.aeCRoHs3.lean.js]
[transky.mtf.wiki/03/388.html]
[transky.mtf.wiki/assets/03_388.md.ah4I39q7.lean.js]
[transky.mtf.wiki/03/389.html]
[transky.mtf.wiki/assets/03_389.md.C0-3WpWU.lean.js]
[transky.mtf.wiki/03/390.html]
[transky.mtf.wiki/assets/03_390.md.fDKGEdlc.lean.js]
[transky.mtf.wiki/03/391.html]
[transky.mtf.wiki/assets/03_391.md.xqPfUCct.lean.js]
[transky.mtf.wiki/03/392.html]
[transky.mtf.wiki/assets/03_392.md.Dm5PE_HA.lean.js]
[transky.mtf.wiki/03/393.html]
[transky.mtf.wiki/assets/03_393.md.CG-9MV5c.lean.js]
[transky.mtf.wiki/03/394.html]
[transky.mtf.wiki/assets/03_394.md.CN2PCrwW.lean.js]
[transky.mtf.wiki/03/395.html]
[transky.mtf.wiki/assets/03_395.md.CeV-nZpL.lean.js]
[transky.mtf.wiki/03/396.html]
[transky.mtf.wiki/assets/03_396.md.BbhQWsO0.lean.js]
[transky.mtf.wiki/03/397.html]
[transky.mtf.wiki/assets/03_397.md.Cq8ztgF6.lean.js]
[transky.mtf.wiki/03/398.html]
[transky.mtf.wiki/assets/03_398.md.EG-GoiWa.lean.js]
[transky.mtf.wiki/03/399.html]
[transky.mtf.wiki/assets/03_399.md.oECm_054.lean.js]
[transky.mtf.wiki/03/400.html]
[transky.mtf.wiki/assets/03_400.md.Da11TYw6.lean.js]
[transky.mtf.wiki/04/index.html]
[transky.mtf.wiki/assets/04_index.md.mR4H2yXc.lean.js]
[transky.mtf.wiki/04/401.html]
[transky.mtf.wiki/assets/04_401.md.D9PucYVW.lean.js]
[transky.mtf.wiki/04/402.html]
[transky.mtf.wiki/assets/04_402.md.DOalA_c_.lean.js]
[transky.mtf.wiki/04/403.html]
[transky.mtf.wiki/assets/04_403.md.ul_3E1HZ.lean.js]
[transky.mtf.wiki/04/404.html]
[transky.mtf.wiki/assets/04_404.md.DPTYAzLf.lean.js]
[transky.mtf.wiki/04/405.html]
[transky.mtf.wiki/assets/04_405.md.mB0ui0GQ.lean.js]
[transky.mtf.wiki/04/406.html]
[transky.mtf.wiki/assets/04_406.md.DRjU2V24.lean.js]
[transky.mtf.wiki/04/407.html]
[transky.mtf.wiki/assets/04_407.md.CEdkkz7t.lean.js]
[transky.mtf.wiki/04/408.html]
[transky.mtf.wiki/assets/04_408.md.CAhM82mE.lean.js]
[transky.mtf.wiki/04/409.html]
[transky.mtf.wiki/assets/04_409.md.CioIHvA1.lean.js]
[transky.mtf.wiki/04/410.html]
[transky.mtf.wiki/assets/04_410.md.BRXn8zqL.lean.js]
[transky.mtf.wiki/04/411.html]
[transky.mtf.wiki/assets/04_411.md.ymeeipbY.lean.js]
[transky.mtf.wiki/04/412.html]
[transky.mtf.wiki/assets/04_412.md.BWXQsx5N.lean.js]
[transky.mtf.wiki/04/413.html]
[transky.mtf.wiki/assets/04_413.md.B48zqPLd.lean.js]
[transky.mtf.wiki/04/414.html]
[transky.mtf.wiki/assets/04_414.md.DqZ8LbdW.lean.js]
[transky.mtf.wiki/04/415.html]
[transky.mtf.wiki/assets/04_415.md.Du4kW_lJ.lean.js]
[transky.mtf.wiki/04/416.html]
[transky.mtf.wiki/assets/04_416.md.DNX9Oesq.lean.js]
[transky.mtf.wiki/04/417.html]
[transky.mtf.wiki/assets/04_417.md.DtavESE9.lean.js]
[transky.mtf.wiki/04/418.html]
[transky.mtf.wiki/assets/04_418.md.DrP1_INr.lean.js]
[transky.mtf.wiki/04/419.html]
[transky.mtf.wiki/assets/04_419.md.DvqPum7u.lean.js]
[transky.mtf.wiki/04/420.html]
[transky.mtf.wiki/assets/04_420.md.CXsS7w_p.lean.js]
[transky.mtf.wiki/04/421.html]
[transky.mtf.wiki/assets/04_421.md.CJYqGE7i.lean.js]
[transky.mtf.wiki/04/422.html]
[transky.mtf.wiki/assets/04_422.md.mGmyim2T.lean.js]
[transky.mtf.wiki/04/423.html]
[transky.mtf.wiki/assets/04_423.md.CqPgnjsT.lean.js]
[transky.mtf.wiki/04/424.html]
[transky.mtf.wiki/assets/04_424.md.DugL1202.lean.js]
[transky.mtf.wiki/04/425.html]
[transky.mtf.wiki/assets/04_425.md.C8KfRPcR.lean.js]
[transky.mtf.wiki/04/426.html]
[transky.mtf.wiki/assets/04_426.md.Buh55ASo.lean.js]
[transky.mtf.wiki/04/427.html]
[transky.mtf.wiki/assets/04_427.md.By2_L8ON.lean.js]
[transky.mtf.wiki/04/428.html]
[transky.mtf.wiki/assets/04_428.md.oWT1Bui5.lean.js]
[transky.mtf.wiki/04/429.html]
[transky.mtf.wiki/assets/04_429.md.L8ABxlCi.lean.js]
[transky.mtf.wiki/04/430.html]
[transky.mtf.wiki/assets/04_430.md.Bz6XFZZm.lean.js]
[transky.mtf.wiki/04/431.html]
[transky.mtf.wiki/assets/04_431.md.CrWq-NEv.lean.js]
[transky.mtf.wiki/04/432.html]
[transky.mtf.wiki/assets/04_432.md.TTKbYZil.lean.js]
[transky.mtf.wiki/04/433.html]
[transky.mtf.wiki/assets/04_433.md.Clw9pGhB.lean.js]
[transky.mtf.wiki/04/434.html]
[transky.mtf.wiki/assets/04_434.md.CfWtSF9q.lean.js]
[transky.mtf.wiki/04/435.html]
[transky.mtf.wiki/assets/04_435.md.CnoW4pN6.lean.js]
[transky.mtf.wiki/04/436.html]
[transky.mtf.wiki/assets/04_436.md.DMA6lF2O.lean.js]
[transky.mtf.wiki/04/437.html]
[transky.mtf.wiki/assets/04_437.md.Ch1FsmU7.lean.js]
[transky.mtf.wiki/04/438.html]
[transky.mtf.wiki/assets/04_438.md.BAdC76mw.lean.js]
[transky.mtf.wiki/04/439.html]
[transky.mtf.wiki/assets/04_439.md.r9LPbN7i.lean.js]
[transky.mtf.wiki/04/440.html]
[transky.mtf.wiki/assets/04_440.md.vhPD8IRO.lean.js]
[transky.mtf.wiki/04/441.html]
[transky.mtf.wiki/assets/04_441.md.DYJsne_C.lean.js]
[transky.mtf.wiki/04/442.html]
[transky.mtf.wiki/assets/04_442.md.D5yF5ita.lean.js]
[transky.mtf.wiki/04/443.html]
[transky.mtf.wiki/assets/04_443.md.DH_QFsYN.lean.js]
[transky.mtf.wiki/04/444.html]
[transky.mtf.wiki/assets/04_444.md.BuX0ehVm.lean.js]
[transky.mtf.wiki/04/445.html]
[transky.mtf.wiki/assets/04_445.md.B9hx8Poo.lean.js]
[transky.mtf.wiki/04/446.html]
[transky.mtf.wiki/assets/04_446.md.DiM4MLRM.lean.js]
[transky.mtf.wiki/04/447.html]
[transky.mtf.wiki/assets/04_447.md.CLCSUO3Z.lean.js]
[transky.mtf.wiki/04/448.html]
[transky.mtf.wiki/assets/04_448.md.DkABcZFi.lean.js]
[transky.mtf.wiki/04/449.html]
[transky.mtf.wiki/assets/04_449.md.Dlq9y4n5.lean.js]
[transky.mtf.wiki/04/450.html]
[transky.mtf.wiki/assets/04_450.md.IhKeXayC.lean.js]
[transky.mtf.wiki/04/451.html]
[transky.mtf.wiki/assets/04_451.md.C3wqnEEm.lean.js]
[transky.mtf.wiki/04/452.html]
[transky.mtf.wiki/assets/04_452.md.rXcXSOMy.lean.js]
[transky.mtf.wiki/04/453.html]
[transky.mtf.wiki/assets/04_453.md.CXeEQUSj.lean.js]
[transky.mtf.wiki/04/454.html]
[transky.mtf.wiki/assets/04_454.md.B6vjC21c.lean.js]
[transky.mtf.wiki/04/455.html]
[transky.mtf.wiki/assets/04_455.md.pMKkvgxy.lean.js]
[transky.mtf.wiki/04/456.html]
[transky.mtf.wiki/assets/04_456.md.DhNBJgyi.lean.js]
[transky.mtf.wiki/04/457.html]
[transky.mtf.wiki/assets/04_457.md.xz6-xNNb.lean.js]
[transky.mtf.wiki/04/458.html]
[transky.mtf.wiki/assets/04_458.md.D6dRzd_d.lean.js]
[transky.mtf.wiki/04/459.html]
[transky.mtf.wiki/assets/04_459.md.GctHmNXA.lean.js]
[transky.mtf.wiki/04/460.html]
[transky.mtf.wiki/assets/04_460.md.B04V9sem.lean.js]
[transky.mtf.wiki/04/461.html]
[transky.mtf.wiki/assets/04_461.md.1qc3euHP.lean.js]
[transky.mtf.wiki/04/462.html]
[transky.mtf.wiki/assets/04_462.md.Dlgpyoxf.lean.js]
[transky.mtf.wiki/04/463.html]
[transky.mtf.wiki/assets/04_463.md.DPNMAz0s.lean.js]
[transky.mtf.wiki/04/464.html]
[transky.mtf.wiki/assets/04_464.md.D6S2SBGr.lean.js]
[transky.mtf.wiki/04/465.html]
[transky.mtf.wiki/assets/04_465.md.9m_Rre0n.lean.js]
[transky.mtf.wiki/04/466.html]
[transky.mtf.wiki/assets/04_466.md.DBYThNKv.lean.js]
[transky.mtf.wiki/04/467.html]
[transky.mtf.wiki/assets/04_467.md.BsEHT2-M.lean.js]
[transky.mtf.wiki/04/468.html]
[transky.mtf.wiki/assets/04_468.md.1MXN7-bG.lean.js]
[transky.mtf.wiki/04/469.html]
[transky.mtf.wiki/assets/04_469.md.C_zphju7.lean.js]
[transky.mtf.wiki/04/470.html]
[transky.mtf.wiki/assets/04_470.md.Bw0qipj1.lean.js]
[transky.mtf.wiki/04/471.html]
[transky.mtf.wiki/assets/04_471.md.CKPuLKa7.lean.js]
[transky.mtf.wiki/04/472.html]
[transky.mtf.wiki/assets/04_472.md.BmtPg3hO.lean.js]
[transky.mtf.wiki/04/473.html]
[transky.mtf.wiki/assets/04_473.md.DoD-YKOZ.lean.js]
[transky.mtf.wiki/04/474.html]
[transky.mtf.wiki/assets/04_474.md.Bkd-0nxy.lean.js]
[transky.mtf.wiki/04/475.html]
[transky.mtf.wiki/assets/04_475.md.BmzYzLGX.lean.js]
[transky.mtf.wiki/04/476.html]
[transky.mtf.wiki/assets/04_476.md.BVqp2bs3.lean.js]
[transky.mtf.wiki/04/477.html]
[transky.mtf.wiki/assets/04_477.md.CCnLaRBT.lean.js]
[transky.mtf.wiki/04/478.html]
[transky.mtf.wiki/assets/04_478.md.ua-Mkluk.lean.js]
[transky.mtf.wiki/04/479.html]
[transky.mtf.wiki/assets/04_479.md.CF84u83Z.lean.js]
[transky.mtf.wiki/04/480.html]
[transky.mtf.wiki/assets/04_480.md.JjemIng0.lean.js]
[transky.mtf.wiki/04/481.html]
[transky.mtf.wiki/assets/04_481.md.CdkuI2J6.lean.js]
[transky.mtf.wiki/04/482.html]
[transky.mtf.wiki/assets/04_482.md.CFfFeZaJ.lean.js]
[transky.mtf.wiki/04/483.html]
[transky.mtf.wiki/assets/04_483.md.BjBlSF8U.lean.js]
[transky.mtf.wiki/04/484.html]
[transky.mtf.wiki/assets/04_484.md.CKlFZDFQ.lean.js]
[transky.mtf.wiki/04/485.html]
[transky.mtf.wiki/assets/04_485.md.DL2I3kqZ.lean.js]
[transky.mtf.wiki/04/486.html]
[transky.mtf.wiki/assets/04_486.md.B-PC-cJ8.lean.js]
[transky.mtf.wiki/04/487.html]
[transky.mtf.wiki/assets/04_487.md.BDu7aHES.lean.js]
[transky.mtf.wiki/04/488.html]
[transky.mtf.wiki/assets/04_488.md.hebq0jqT.lean.js]
[transky.mtf.wiki/04/489.html]
[transky.mtf.wiki/assets/04_489.md.B53D96Ms.lean.js]
[transky.mtf.wiki/04/490.html]
[transky.mtf.wiki/assets/04_490.md.BRwU9Fbs.lean.js]
[transky.mtf.wiki/04/491.html]
[transky.mtf.wiki/assets/04_491.md.CIFg9jci.lean.js]
[transky.mtf.wiki/04/492.html]
[transky.mtf.wiki/assets/04_492.md.CRH-ZZG6.lean.js]
[transky.mtf.wiki/04/493.html]
[transky.mtf.wiki/assets/04_493.md.DD4HZKgJ.lean.js]
[transky.mtf.wiki/04/494.html]
[transky.mtf.wiki/assets/04_494.md.CyK-kFup.lean.js]
[transky.mtf.wiki/04/495.html]
[transky.mtf.wiki/assets/04_495.md.Br5G8XdK.lean.js]
[transky.mtf.wiki/04/496.html]
[transky.mtf.wiki/assets/04_496.md.BA2GjYrv.lean.js]
[transky.mtf.wiki/04/497.html]
[transky.mtf.wiki/assets/04_497.md.CuEWd0tO.lean.js]
[transky.mtf.wiki/04/498.html]
[transky.mtf.wiki/assets/04_498.md.z93RbCve.lean.js]
[transky.mtf.wiki/04/499.html]
[transky.mtf.wiki/assets/04_499.md.BjOCmsGp.lean.js]
[transky.mtf.wiki/04/500.html]
[transky.mtf.wiki/assets/04_500.md.CdaVLu4J.lean.js]
[transky.mtf.wiki/04/501.html]
[transky.mtf.wiki/assets/04_501.md.BZhssfOQ.lean.js]
[transky.mtf.wiki/04/502.html]
[transky.mtf.wiki/assets/04_502.md.DTsQHe14.lean.js]
[transky.mtf.wiki/04/503.html]
[transky.mtf.wiki/assets/04_503.md.ubwpEhmH.lean.js]
[transky.mtf.wiki/04/504.html]
[transky.mtf.wiki/assets/04_504.md.DVpFm5za.lean.js]
[transky.mtf.wiki/04/505.html]
[transky.mtf.wiki/assets/04_505.md.ocKiGOSj.lean.js]
[transky.mtf.wiki/04/506.html]
[transky.mtf.wiki/assets/04_506.md.BHqqCscv.lean.js]
[transky.mtf.wiki/04/507.html]
[transky.mtf.wiki/assets/04_507.md.Dq4g7_j2.lean.js]
[transky.mtf.wiki/04/508.html]
[transky.mtf.wiki/assets/04_508.md.DtjDVEBF.lean.js]
[transky.mtf.wiki/04/509.html]
[transky.mtf.wiki/assets/04_509.md.BPnV9OMH.lean.js]
[transky.mtf.wiki/04/510.html]
[transky.mtf.wiki/assets/04_510.md.CRS9fA21.lean.js]
[transky.mtf.wiki/04/511.html]
[transky.mtf.wiki/assets/04_511.md.BY6l__UA.lean.js]
[transky.mtf.wiki/04/512.html]
[transky.mtf.wiki/assets/04_512.md.DzrKURu6.lean.js]
[transky.mtf.wiki/04/513.html]
[transky.mtf.wiki/assets/04_513.md.CQ4Z9Ss1.lean.js]
[transky.mtf.wiki/04/514.html]
[transky.mtf.wiki/assets/04_514.md.Bqv_3qny.lean.js]
[transky.mtf.wiki/04/515.html]
[transky.mtf.wiki/assets/04_515.md.Cj4WAynH.lean.js]
[transky.mtf.wiki/04/516.html]
[transky.mtf.wiki/assets/04_516.md.Bww6_I4n.lean.js]
[transky.mtf.wiki/04/517.html]
[transky.mtf.wiki/assets/04_517.md.D4ug2cqz.lean.js]
[transky.mtf.wiki/04/518.html]
[transky.mtf.wiki/assets/04_518.md.CTRfX_dI.lean.js]
[transky.mtf.wiki/04/519.html]
[transky.mtf.wiki/assets/04_519.md.CmqTCD2M.lean.js]
[transky.mtf.wiki/04/520.html]
[transky.mtf.wiki/assets/04_520.md.BuJ_NRt0.lean.js]
[transky.mtf.wiki/04/521.html]
[transky.mtf.wiki/assets/04_521.md.7_0oKYmW.lean.js]
[transky.mtf.wiki/04/522.html]
[transky.mtf.wiki/assets/04_522.md.DMEK2d4D.lean.js]
[transky.mtf.wiki/04/523.html]
[transky.mtf.wiki/assets/04_523.md.CJKAN4SW.lean.js]
[transky.mtf.wiki/04/524.html]
[transky.mtf.wiki/assets/04_524.md.D9557GVX.lean.js]
[transky.mtf.wiki/04/525.html]
[transky.mtf.wiki/assets/04_525.md.CdDZNnWg.lean.js]
[transky.mtf.wiki/04/526.html]
[transky.mtf.wiki/assets/04_526.md.D48Lwaxw.lean.js]
[transky.mtf.wiki/04/527.html]
[transky.mtf.wiki/assets/04_527.md.CO9DnkhW.lean.js]
[transky.mtf.wiki/04/528.html]
[transky.mtf.wiki/assets/04_528.md.CPI-ANhQ.lean.js]
[transky.mtf.wiki/04/529.html]
[transky.mtf.wiki/assets/04_529.md.Cv38bvzl.lean.js]
[transky.mtf.wiki/04/530.html]
[transky.mtf.wiki/assets/04_530.md.DcLnUhOT.lean.js]
[transky.mtf.wiki/04/531.html]
[transky.mtf.wiki/assets/04_531.md.Dez5AE5J.lean.js]
[transky.mtf.wiki/04/532.html]
[transky.mtf.wiki/assets/04_532.md.Co80LCZi.lean.js]
[transky.mtf.wiki/04/533.html]
[transky.mtf.wiki/assets/04_533.md.CA7FRO8i.lean.js]
[transky.mtf.wiki/04/534.html]
[transky.mtf.wiki/assets/04_534.md.J_hMrIB1.lean.js]
[transky.mtf.wiki/04/535.html]
[transky.mtf.wiki/assets/04_535.md.BB5j56Z8.lean.js]
[transky.mtf.wiki/04/536.html]
[transky.mtf.wiki/assets/04_536.md.BjOfm0yz.lean.js]
[transky.mtf.wiki/04/537.html]
[transky.mtf.wiki/assets/04_537.md.CqN3_0e8.lean.js]
[transky.mtf.wiki/04/538.html]
[transky.mtf.wiki/assets/04_538.md.Zrb2OssG.lean.js]
[transky.mtf.wiki/04/539.html]
[transky.mtf.wiki/assets/04_539.md.CH8MmruO.lean.js]
[transky.mtf.wiki/04/540.html]
[transky.mtf.wiki/assets/04_540.md.CuXdsUog.lean.js]
[transky.mtf.wiki/04/541.html]
[transky.mtf.wiki/assets/04_541.md.BFPrtDKD.lean.js]
[transky.mtf.wiki/04/542.html]
[transky.mtf.wiki/assets/04_542.md.DqoziWrL.lean.js]
[transky.mtf.wiki/04/543.html]
[transky.mtf.wiki/assets/04_543.md.Dtc8g4GU.lean.js]
[transky.mtf.wiki/04/544.html]
[transky.mtf.wiki/assets/04_544.md.DDvYEYjK.lean.js]
[transky.mtf.wiki/04/545.html]
[transky.mtf.wiki/assets/04_545.md.D1M3L8DL.lean.js]
[transky.mtf.wiki/04/546.html]
[transky.mtf.wiki/assets/04_546.md.CG2XzIS_.lean.js]
[transky.mtf.wiki/04/547.html]
[transky.mtf.wiki/assets/04_547.md.Cyahc2iR.lean.js]
[transky.mtf.wiki/04/548.html]
[transky.mtf.wiki/assets/04_548.md.Dy9kh0_a.lean.js]
[transky.mtf.wiki/04/549.html]
[transky.mtf.wiki/assets/04_549.md.DqCQmbKf.lean.js]
[transky.mtf.wiki/04/550.html]
[transky.mtf.wiki/assets/04_550.md.p69EnQoa.lean.js]
[transky.mtf.wiki/04/551.html]
[transky.mtf.wiki/assets/04_551.md.Bob6tlKk.lean.js]
[transky.mtf.wiki/04/552.html]
[transky.mtf.wiki/assets/04_552.md.CV7xi5uc.lean.js]
[transky.mtf.wiki/04/553.html]
[transky.mtf.wiki/assets/04_553.md.BfCb4_qe.lean.js]
[transky.mtf.wiki/04/554.html]
[transky.mtf.wiki/assets/04_554.md.COL0xZHU.lean.js]
[transky.mtf.wiki/04/555.html]
[transky.mtf.wiki/assets/04_555.md.CUJuTRoa.lean.js]
[transky.mtf.wiki/04/556.html]
[transky.mtf.wiki/assets/04_556.md.BUWk3LBo.lean.js]
[transky.mtf.wiki/04/557.html]
[transky.mtf.wiki/assets/04_557.md.6AQSjB7u.lean.js]
[transky.mtf.wiki/04/558.html]
[transky.mtf.wiki/assets/04_558.md.D46zeoI4.lean.js]
[transky.mtf.wiki/04/559.html]
[transky.mtf.wiki/assets/04_559.md.Cvg-hAWL.lean.js]
[transky.mtf.wiki/04/560.html]
[transky.mtf.wiki/assets/04_560.md.wiRDDjmn.lean.js]
[transky.mtf.wiki/04/561.html]
[transky.mtf.wiki/assets/04_561.md.-P2IKzkk.lean.js]
[transky.mtf.wiki/04/562.html]
[transky.mtf.wiki/assets/04_562.md.DrSiitn_.lean.js]
[transky.mtf.wiki/04/563.html]
[transky.mtf.wiki/assets/04_563.md.vvzuCFPD.lean.js]
[transky.mtf.wiki/04/564.html]
[transky.mtf.wiki/assets/04_564.md.By8-FEje.lean.js]
[transky.mtf.wiki/04/565.html]
[transky.mtf.wiki/assets/04_565.md.Cuf4hSYU.lean.js]
[transky.mtf.wiki/04/566.html]
[transky.mtf.wiki/assets/04_566.md.D9tupEqQ.lean.js]
[transky.mtf.wiki/04/567.html]
[transky.mtf.wiki/assets/04_567.md.DSoDFHTP.lean.js]
[transky.mtf.wiki/04/568.html]
[transky.mtf.wiki/assets/04_568.md.16Aytq91.lean.js]
[transky.mtf.wiki/04/569.html]
[transky.mtf.wiki/assets/04_569.md.KPtQ72lf.lean.js]
[transky.mtf.wiki/04/570.html]
[transky.mtf.wiki/assets/04_570.md.CP2ywGqB.lean.js]
[transky.mtf.wiki/04/571.html]
[transky.mtf.wiki/assets/04_571.md.CmhSfQ5H.lean.js]
[transky.mtf.wiki/04/572.html]
[transky.mtf.wiki/assets/04_572.md.KFLd3vuW.lean.js]
[transky.mtf.wiki/04/573.html]
[transky.mtf.wiki/assets/04_573.md.CiWw3nR4.lean.js]
[transky.mtf.wiki/04/574.html]
[transky.mtf.wiki/assets/04_574.md.CMX-rPN6.lean.js]
[transky.mtf.wiki/04/575.html]
[transky.mtf.wiki/assets/04_575.md.Ctt_rmMx.lean.js]
[transky.mtf.wiki/04/576.html]
[transky.mtf.wiki/assets/04_576.md.D_KVx9ZR.lean.js]
[transky.mtf.wiki/04/577.html]
[transky.mtf.wiki/assets/04_577.md.C4Y_04P9.lean.js]
[transky.mtf.wiki/04/578.html]
[transky.mtf.wiki/assets/04_578.md.Dj7B_GQA.lean.js]
[transky.mtf.wiki/04/579.html]
[transky.mtf.wiki/assets/04_579.md.DBfsJKkv.lean.js]
[transky.mtf.wiki/04/580.html]
[transky.mtf.wiki/assets/04_580.md.DOd49jop.lean.js]
[transky.mtf.wiki/04/581.html]
[transky.mtf.wiki/04/582.html]
[transky.mtf.wiki/assets/04_582.md.eXLZcAYi.lean.js]
[transky.mtf.wiki/assets/04_581.md.C1nyr0hd.lean.js]
[transky.mtf.wiki/04/583.html]
[transky.mtf.wiki/assets/04_583.md.DoIKTg--.lean.js]
[transky.mtf.wiki/04/584.html]
[transky.mtf.wiki/assets/04_584.md.DRdmv8Sv.lean.js]
[transky.mtf.wiki/04/585.html]
[transky.mtf.wiki/assets/04_585.md.B44_ge5b.lean.js]
[transky.mtf.wiki/04/586.html]
[transky.mtf.wiki/assets/04_586.md.BGchrZZb.lean.js]
[transky.mtf.wiki/04/587.html]
[transky.mtf.wiki/assets/04_587.md.ChBol4VW.lean.js]
[transky.mtf.wiki/04/588.html]
[transky.mtf.wiki/assets/04_588.md.V1ACRrc8.lean.js]
[transky.mtf.wiki/04/589.html]
[transky.mtf.wiki/assets/04_589.md.BCvHvWB6.lean.js]
[transky.mtf.wiki/04/590.html]
[transky.mtf.wiki/assets/04_590.md.BsUQZENJ.lean.js]
[transky.mtf.wiki/04/591.html]
[transky.mtf.wiki/assets/04_591.md.CndHWKHM.lean.js]
[transky.mtf.wiki/04/592.html]
[transky.mtf.wiki/assets/04_592.md.DjK-3Pb0.lean.js]
[transky.mtf.wiki/04/593.html]
[transky.mtf.wiki/assets/04_593.md.CFKpb-Zp.lean.js]
[transky.mtf.wiki/04/594.html]
[transky.mtf.wiki/assets/04_594.md.DRqV0Xm8.lean.js]
[transky.mtf.wiki/04/595.html]
[transky.mtf.wiki/assets/04_595.md.CR1VrYin.lean.js]
[transky.mtf.wiki/04/596.html]
[transky.mtf.wiki/assets/04_596.md.BSuJbvoL.lean.js]
[transky.mtf.wiki/04/597.html]
[transky.mtf.wiki/assets/04_597.md.CZu7Br21.lean.js]
[transky.mtf.wiki/04/598.html]
[transky.mtf.wiki/assets/04_598.md.BJyq0kgo.lean.js]
[transky.mtf.wiki/04/599.html]
[transky.mtf.wiki/assets/04_599.md.B2plgeMO.lean.js]
[transky.mtf.wiki/04/600.html]
[transky.mtf.wiki/assets/04_600.md.1xT--SHl.lean.js]
[transky.mtf.wiki/05/index.html]
[transky.mtf.wiki/assets/05_index.md.MJu7W-R1.lean.js]
[transky.mtf.wiki/05/601.html]
[transky.mtf.wiki/assets/05_601.md.DoGBslcv.lean.js]
[transky.mtf.wiki/05/602.html]
[transky.mtf.wiki/assets/05_602.md.BMkNFJSq.lean.js]
[transky.mtf.wiki/05/603.html]
[transky.mtf.wiki/assets/05_603.md.BtSXAUAn.lean.js]
[transky.mtf.wiki/05/604.html]
[transky.mtf.wiki/assets/05_604.md.CzZVKDC7.lean.js]
[transky.mtf.wiki/05/605.html]
[transky.mtf.wiki/assets/05_605.md.DjQCfEmO.lean.js]
[transky.mtf.wiki/05/606.html]
[transky.mtf.wiki/assets/05_606.md.BVB-P55z.lean.js]
[transky.mtf.wiki/05/607.html]
[transky.mtf.wiki/assets/05_607.md.LwhfR4vM.lean.js]
[transky.mtf.wiki/05/608.html]
[transky.mtf.wiki/assets/05_608.md.Dh16woCE.lean.js]
[transky.mtf.wiki/05/609.html]
[transky.mtf.wiki/assets/05_609.md.SgTZgW3n.lean.js]
[transky.mtf.wiki/05/610.html]
[transky.mtf.wiki/assets/05_610.md.CIHiJlnx.lean.js]
[transky.mtf.wiki/05/611.html]
[transky.mtf.wiki/assets/05_611.md.BJDpI3oW.lean.js]
[transky.mtf.wiki/05/612.html]
[transky.mtf.wiki/assets/05_612.md.COC5fMXv.lean.js]
[transky.mtf.wiki/05/613.html]
[transky.mtf.wiki/assets/05_613.md.CoZtDq7H.lean.js]
[transky.mtf.wiki/05/614.html]
[transky.mtf.wiki/assets/05_614.md.Ba6tBdsC.lean.js]
[transky.mtf.wiki/05/615.html]
[transky.mtf.wiki/assets/05_615.md.BXGqwq9I.lean.js]
[transky.mtf.wiki/05/616.html]
[transky.mtf.wiki/assets/05_616.md.0XcusEa5.lean.js]
[transky.mtf.wiki/05/617.html]
[transky.mtf.wiki/assets/05_617.md.BLrg3jB6.lean.js]
[transky.mtf.wiki/05/618.html]
[transky.mtf.wiki/assets/05_618.md.DPajOzOf.lean.js]
[transky.mtf.wiki/05/619.html]
[transky.mtf.wiki/assets/05_619.md.qqWShRsn.lean.js]
[transky.mtf.wiki/05/620.html]
[transky.mtf.wiki/assets/05_620.md.97XdVkUn.lean.js]
[transky.mtf.wiki/05/621.html]
[transky.mtf.wiki/assets/05_621.md.DIr3accJ.lean.js]
[transky.mtf.wiki/05/622.html]
[transky.mtf.wiki/assets/05_622.md.DsRnWS6k.lean.js]
[transky.mtf.wiki/05/623.html]
[transky.mtf.wiki/assets/05_623.md.CpedMmEB.lean.js]
[transky.mtf.wiki/05/624.html]
[transky.mtf.wiki/assets/05_624.md.Dq-RE1ts.lean.js]
[transky.mtf.wiki/05/625.html]
[transky.mtf.wiki/assets/05_625.md.CDBjQq_3.lean.js]
[transky.mtf.wiki/05/626.html]
[transky.mtf.wiki/assets/05_626.md.Bk649Iot.lean.js]
[transky.mtf.wiki/05/627.html]
[transky.mtf.wiki/assets/05_627.md.gWuVfAG7.lean.js]
[transky.mtf.wiki/05/628.html]
[transky.mtf.wiki/assets/05_628.md.CdcbC2bG.lean.js]
[transky.mtf.wiki/05/629.html]
[transky.mtf.wiki/assets/05_629.md.P5jYX3bO.lean.js]
[transky.mtf.wiki/05/630.html]
[transky.mtf.wiki/assets/05_630.md.C4tXbn8D.lean.js]
[transky.mtf.wiki/05/631.html]
[transky.mtf.wiki/assets/05_631.md.DagWuFGY.lean.js]
[transky.mtf.wiki/05/632.html]
[transky.mtf.wiki/assets/05_632.md.DgvSXvGy.lean.js]
[transky.mtf.wiki/05/633.html]
[transky.mtf.wiki/assets/05_633.md.DCEzJvOJ.lean.js]
[transky.mtf.wiki/05/634.html]
[transky.mtf.wiki/assets/05_634.md.B7VHfx-R.lean.js]
[transky.mtf.wiki/05/635.html]
[transky.mtf.wiki/assets/05_635.md.DTmOa0pI.lean.js]
[transky.mtf.wiki/05/636.html]
[transky.mtf.wiki/assets/05_636.md.DJVwtS8X.lean.js]
[transky.mtf.wiki/05/637.html]
[transky.mtf.wiki/assets/05_637.md.BoEpuWyr.lean.js]
[transky.mtf.wiki/05/638.html]
[transky.mtf.wiki/assets/05_638.md.C32N69tz.lean.js]
[transky.mtf.wiki/05/639.html]
[transky.mtf.wiki/assets/05_639.md.tXDGGk0y.lean.js]
[transky.mtf.wiki/05/640.html]
[transky.mtf.wiki/assets/05_640.md.C6dxRZN9.lean.js]
[transky.mtf.wiki/05/641.html]
[transky.mtf.wiki/assets/05_641.md.BOuQjOrl.lean.js]
[transky.mtf.wiki/05/642.html]
[transky.mtf.wiki/assets/05_642.md.B1U_0vTB.lean.js]
[transky.mtf.wiki/05/643.html]
[transky.mtf.wiki/assets/05_643.md.CqzWblWT.lean.js]
[transky.mtf.wiki/05/644.html]
[transky.mtf.wiki/assets/05_644.md.Dhbrgqqs.lean.js]
[transky.mtf.wiki/05/645.html]
[transky.mtf.wiki/assets/05_645.md.kYXwWZUM.lean.js]
[transky.mtf.wiki/05/646.html]
[transky.mtf.wiki/assets/05_646.md.LMst77YW.lean.js]
[transky.mtf.wiki/05/647.html]
[transky.mtf.wiki/assets/05_647.md.B_zDZ1_A.lean.js]
[transky.mtf.wiki/05/648.html]
[transky.mtf.wiki/assets/05_648.md.DINt5UKa.lean.js]
[transky.mtf.wiki/05/649.html]
[transky.mtf.wiki/assets/05_649.md.DcKYhee9.lean.js]
[transky.mtf.wiki/05/650.html]
[transky.mtf.wiki/assets/05_650.md.D_rYujaH.lean.js]
[transky.mtf.wiki/05/651.html]
[transky.mtf.wiki/assets/05_651.md.CE7_S7De.lean.js]
[transky.mtf.wiki/05/652.html]
[transky.mtf.wiki/assets/05_652.md.CF8yFQYo.lean.js]
[transky.mtf.wiki/05/653.html]
[transky.mtf.wiki/assets/05_653.md.DERpNICl.lean.js]
[transky.mtf.wiki/05/654.html]
[transky.mtf.wiki/assets/05_654.md.F3ldV6oO.lean.js]
[transky.mtf.wiki/05/655.html]
[transky.mtf.wiki/assets/05_655.md.DzMo9hzp.lean.js]
[transky.mtf.wiki/05/656.html]
[transky.mtf.wiki/assets/05_656.md.Cu8eItrM.lean.js]
[transky.mtf.wiki/05/657.html]
[transky.mtf.wiki/assets/05_657.md.BneWK4BO.lean.js]
[transky.mtf.wiki/05/658.html]
[transky.mtf.wiki/assets/05_658.md.BrfdfXpc.lean.js]
[transky.mtf.wiki/05/659.html]
[transky.mtf.wiki/assets/05_659.md.BrwHfsYx.lean.js]
[transky.mtf.wiki/05/660.html]
[transky.mtf.wiki/assets/05_660.md.DbsNN3gt.lean.js]
[transky.mtf.wiki/05/661.html]
[transky.mtf.wiki/assets/05_661.md.CFfbYrEP.lean.js]
[transky.mtf.wiki/05/662.html]
[transky.mtf.wiki/assets/05_662.md.v_ubCM0M.lean.js]
[transky.mtf.wiki/05/663.html]
[transky.mtf.wiki/assets/05_663.md.Bv0_PmBl.lean.js]
[transky.mtf.wiki/05/664.html]
[transky.mtf.wiki/assets/05_664.md.BVvvIBtj.lean.js]
[transky.mtf.wiki/05/665.html]
[transky.mtf.wiki/assets/05_665.md.BoL9Ub2C.lean.js]
[transky.mtf.wiki/06/index.html]
[transky.mtf.wiki/assets/06_index.md.eFxO1WzG.lean.js]
[transky.mtf.wiki/06/001.html]
[transky.mtf.wiki/assets/06_001.md.Bz31NXmn.lean.js]
[transky.mtf.wiki/07/index.html]
[transky.mtf.wiki/assets/07_index.md.BYYEbaXu.lean.js]
[transky.mtf.wiki/07/001.html]
[transky.mtf.wiki/assets/07_001.md.wKnrQ3rn.lean.js]
[transky.mtf.wiki/07/002.html]
[transky.mtf.wiki/assets/07_002.md.BSAtgWMz.lean.js]
[transky.mtf.wiki/07/003.html]
[transky.mtf.wiki/assets/07_003.md.2z2T-e4R.lean.js]
[transky.mtf.wiki/07/004.html]
[transky.mtf.wiki/assets/07_004.md.Cn49Fmsi.lean.js]
[transky.mtf.wiki/07/005.html]
[transky.mtf.wiki/assets/07_005.md.BL6HnxeO.lean.js]
[transky.mtf.wiki/07/006.html]
[transky.mtf.wiki/assets/07_006.md.CrqcBx5l.lean.js]
[transky.mtf.wiki/07/007.html]
[transky.mtf.wiki/assets/07_007.md.C7vY0Vyh.lean.js]
[transky.mtf.wiki/07/008.html]
[transky.mtf.wiki/assets/07_008.md.C___maPN.lean.js]
[transky.mtf.wiki/07/009.html]
[transky.mtf.wiki/assets/07_009.md.O55X-VSb.lean.js]
[transky.mtf.wiki/07/010.html]
[transky.mtf.wiki/assets/07_010.md.CtZTE4xW.lean.js]
[transky.mtf.wiki/07/011.html]
[transky.mtf.wiki/assets/07_011.md.D3PYo9ad.lean.js]
[transky.mtf.wiki/07/012.html]
[transky.mtf.wiki/assets/07_012.md.PMD16fOU.lean.js]
[transky.mtf.wiki/07/013.html]
[transky.mtf.wiki/assets/07_013.md.C94sS5EH.lean.js]
[transky.mtf.wiki/07/014.html]
[transky.mtf.wiki/assets/07_014.md.CUFMut0r.lean.js]
[transky.mtf.wiki/07/015.html]
[transky.mtf.wiki/assets/07_015.md.D5iu4aG0.lean.js]
[transky.mtf.wiki/07/016.html]
[transky.mtf.wiki/assets/07_016.md.EJXX6Phb.lean.js]
[transky.mtf.wiki/07/017.html]
[transky.mtf.wiki/assets/07_017.md.BCuE6CSN.lean.js]
[transky.mtf.wiki/07/018.html]
[transky.mtf.wiki/assets/07_018.md.CZiBF04R.lean.js]
[transky.mtf.wiki/07/019.html]
[transky.mtf.wiki/assets/07_019.md.Ob3NTdCs.lean.js]
[transky.mtf.wiki/07/020.html]
[transky.mtf.wiki/assets/07_020.md.jwucqGbW.lean.js]
[transky.mtf.wiki/07/021.html]
[transky.mtf.wiki/assets/07_021.md.DB-uXyZZ.lean.js]
[transky.mtf.wiki/07/022.html]
[transky.mtf.wiki/assets/07_022.md.C9Txhq3X.lean.js]
[transky.mtf.wiki/07/023.html]
[transky.mtf.wiki/assets/07_023.md.BU-Mcrcf.lean.js]
[transky.mtf.wiki/07/024.html]
[transky.mtf.wiki/assets/07_024.md.CpRLBJ0U.lean.js]
[transky.mtf.wiki/07/025.html]
[transky.mtf.wiki/assets/07_025.md.AjAj6YY5.lean.js]
[transky.mtf.wiki/07/026.html]
[transky.mtf.wiki/assets/07_026.md.CYNC564z.lean.js]
[transky.mtf.wiki/07/027.html]
[transky.mtf.wiki/assets/07_027.md.BhZokvDc.lean.js]
[transky.mtf.wiki/07/028.html]
[transky.mtf.wiki/assets/07_028.md.BIlRIZb1.lean.js]
[transky.mtf.wiki/07/029.html]
[transky.mtf.wiki/assets/07_029.md.CeDNbW_e.lean.js]
[transky.mtf.wiki/07/030.html]
[transky.mtf.wiki/assets/07_030.md.BKlFfAGL.lean.js]
[transky.mtf.wiki/07/031.html]
[transky.mtf.wiki/assets/07_031.md.B8UtI-dP.lean.js]
[transky.mtf.wiki/07/032.html]
[transky.mtf.wiki/assets/07_032.md.BdTk5pZC.lean.js]
[transky.mtf.wiki/07/033.html]
[transky.mtf.wiki/assets/07_033.md.axTtiEUN.lean.js]
[transky.mtf.wiki/07/034.html]
[transky.mtf.wiki/assets/07_034.md.C44D4ZR7.lean.js]
[transky.mtf.wiki/08/index.html]
[transky.mtf.wiki/assets/08_index.md.CMd9DRJG.lean.js]
[transky.mtf.wiki/08/001.html]
[transky.mtf.wiki/assets/08_001.md.CVBsdEDn.lean.js]
[transky.mtf.wiki/08/002.html]
[transky.mtf.wiki/assets/08_002.md.CQmzr47Z.lean.js]
[transky.mtf.wiki/08/003.html]
[transky.mtf.wiki/assets/08_003.md.BzdXrDSE.lean.js]
[transky.mtf.wiki/08/004.html]
[transky.mtf.wiki/assets/08_004.md.CFvehTuL.lean.js]
[transky.mtf.wiki/08/005.html]
[transky.mtf.wiki/assets/08_005.md.BM2u-zVk.lean.js]
[transky.mtf.wiki/08/006.html]
[transky.mtf.wiki/assets/08_006.md.CZAo-fT2.lean.js]
[transky.mtf.wiki/08/007.html]
[transky.mtf.wiki/assets/08_007.md.BH0XQg25.lean.js]
[transky.mtf.wiki/08/008.html]
[transky.mtf.wiki/assets/08_008.md.C-tVtre_.lean.js]
[transky.mtf.wiki/09/index.html]
[transky.mtf.wiki/assets/09_index.md.DUpcNU6c.lean.js]
[transky.mtf.wiki/09/001.html]
[transky.mtf.wiki/assets/09_001.md.nIFEuwkI.lean.js]
[transky.mtf.wiki/09/002.html]
[transky.mtf.wiki/assets/09_002.md.BBI5j5_g.lean.js]
[transky.mtf.wiki/09/003.html]
[transky.mtf.wiki/assets/09_003.md.D6qhbn9W.lean.js]
[transky.mtf.wiki/09/004.html]
[transky.mtf.wiki/assets/09_004.md.DVdG1U7W.lean.js]
[transky.mtf.wiki/09/005.html]
[transky.mtf.wiki/assets/09_005.md.BUZZ8cUd.lean.js]
[transky.mtf.wiki/09/006.html]
[transky.mtf.wiki/assets/09_006.md.DKRXX9so.lean.js]
[transky.mtf.wiki/09/007.html]
[transky.mtf.wiki/assets/09_007.md.D6Vx1DwY.lean.js]
[transky.mtf.wiki/09/008.html]
[transky.mtf.wiki/assets/09_008.md.CPuru7Ww.lean.js]
[transky.mtf.wiki/09/009.html]
[transky.mtf.wiki/assets/09_009.md.DXOFdlOu.lean.js]
[transky.mtf.wiki/09/010.html]
[transky.mtf.wiki/assets/09_010.md.eWJDrUcq.lean.js]
[transky.mtf.wiki/09/011.html]
[transky.mtf.wiki/assets/09_011.md.DZCGfZL5.lean.js]
[transky.mtf.wiki/09/012.html]
[transky.mtf.wiki/assets/09_012.md.BkCzeb68.lean.js]
[transky.mtf.wiki/09/013.html]
[transky.mtf.wiki/assets/09_013.md.CmcnU_Da.lean.js]
[transky.mtf.wiki/09/014.html]
[transky.mtf.wiki/assets/09_014.md.k_mMxhE6.lean.js]
[transky.mtf.wiki/09/015.html]
[transky.mtf.wiki/assets/09_015.md.D2BVpxwq.lean.js]
[transky.mtf.wiki/09/016.html]
[transky.mtf.wiki/assets/09_016.md.CFwHd7GL.lean.js]
[transky.mtf.wiki/09/017.html]
[transky.mtf.wiki/assets/09_017.md.BD8lgedo.lean.js]
[transky.mtf.wiki/09/018.html]
[transky.mtf.wiki/assets/09_018.md.CWddf8lG.lean.js]
[transky.mtf.wiki/09/019.html]
[transky.mtf.wiki/assets/09_019.md.CICEVy_2.lean.js]
[transky.mtf.wiki/09/020.html]
[transky.mtf.wiki/assets/09_020.md.Bwer6OIK.lean.js]
[transky.mtf.wiki/09/021.html]
[transky.mtf.wiki/assets/09_021.md.BSNtA-2M.lean.js]
[transky.mtf.wiki/09/022.html]
[transky.mtf.wiki/assets/09_022.md.CP3Q4crr.lean.js]
[transky.mtf.wiki/09/023.html]
[transky.mtf.wiki/assets/09_023.md.CmqUO1_u.lean.js]
[transky.mtf.wiki/09/024.html]
[transky.mtf.wiki/assets/09_024.md.D3YRuaK2.lean.js]
[transky.mtf.wiki/09/025.html]
[transky.mtf.wiki/assets/09_025.md.D0HLfaNS.lean.js]
[transky.mtf.wiki/09/026.html]
[transky.mtf.wiki/assets/09_026.md.C75_n5Tq.lean.js]
[transky.mtf.wiki/09/027.html]
[transky.mtf.wiki/assets/09_027.md.D-3rJ8P2.lean.js]
[transky.mtf.wiki/10/index.html]
[transky.mtf.wiki/assets/10_index.md.C48ZLuWY.lean.js]
[transky.mtf.wiki/10/001.html]
[transky.mtf.wiki/assets/10_001.md.BN-1dmPQ.lean.js]
[transky.mtf.wiki/10/002.html]
[transky.mtf.wiki/assets/10_002.md.uHra_fJW.lean.js]
[transky.mtf.wiki/10/003.html]
[transky.mtf.wiki/assets/10_003.md.qkcXfkSf.lean.js]
[transky.mtf.wiki/10/004.html]
[transky.mtf.wiki/assets/10_004.md.B4U1hs45.lean.js]
[transky.mtf.wiki/10/005.html]
[transky.mtf.wiki/assets/10_005.md.DwSe-sn9.lean.js]
[transky.mtf.wiki/10/006.html]
[transky.mtf.wiki/assets/10_006.md.Dt79Qi6H.lean.js]
[transky.mtf.wiki/10/007.html]
[transky.mtf.wiki/assets/10_007.md.Cdft_ePm.lean.js]
[transky.mtf.wiki/10/008.html]
[transky.mtf.wiki/assets/10_008.md.8wSxjqI4.lean.js]
[transky.mtf.wiki/afterword.html]
[transky.mtf.wiki/assets/afterword.md.DPcnkhgr.lean.js]
[transky.mtf.wiki/assets/illustrations.md.DDQxJg1z.lean.js]
[transky.mtf.wiki/assets/SuYuqing.Hxp7mgVO.png]
[transky.mtf.wiki/assets/cover.BpW32guj.jpg]
[transky.mtf.wiki/assets/SuYuqing-first.C8yzyZXY.jpg]
[transky.mtf.wiki/assets/cover-first.ChxzjIap.jpg]
[transky.mtf.wiki/assets/MoKong.BPqfoeuZ.jpg]
[transky.mtf.wiki/assets/01.C0UB5qZW.jpg]
[transky.mtf.wiki/assets/02.DlHyXbjS.jpg]
[transky.mtf.wiki/assets/03.BegO4nkd.jpg]
[transky.mtf.wiki/assets/04.BMOTIRhk.jpg]
[transky.mtf.wiki/assets/05.BMDMatIQ.jpg]
[transky.mtf.wiki/assets/06.CbVLzjKE.jpg]
[transky.mtf.wiki/assets/07.Dc52a11_.jpg]
[transky.mtf.wiki/assets/08.l-vuG8Jd.jpg]
[transky.mtf.wiki/assets/09.DgJZVXgn.jpg]
[transky.mtf.wiki/assets/01-color.BcmDeP6P.jpg]
[transky.mtf.wiki/assets/02-color.CzcsNSfC.jpg]
[transky.mtf.wiki/assets/03-color.C14I8XkD.jpg]
[transky.mtf.wiki/assets/04-color.CNqrYsm9.jpg]
[transky.mtf.wiki/assets/05-color.CKr9idR5.jpg]
[transky.mtf.wiki/assets/06-color.8fFmPavM.jpg]
[transky.mtf.wiki/assets/07-color.DEv0LuVm.jpg]
[transky.mtf.wiki/assets/08-color.D2SOqjlO.jpg]
[transky.mtf.wiki/assets/09-color.CQ4l9DjH.jpg]
[transky.mtf.wiki/illustrations.html]
[fonts.project-trans.org/${link}/result.html]
[transky.mtf.wiki/assets/02_083.md.NNhtH0yW.lean.js]
[transky.mtf.wiki/assets/02_084.md.Dp6ldm4r.lean.js]
[transky.mtf.wiki/assets/02_085.md.D_wnNEBo.lean.js]
[transky.mtf.wiki/assets/02_087.md.BVnb71b0.lean.js]
[transky.mtf.wiki/assets/02_086.md.DDA20ivE.lean.js]
[transky.mtf.wiki/assets/02_088.md.CKGMEdGh.lean.js]
[transky.mtf.wiki/assets/02_089.md.DPaPmP9B.lean.js]
[transky.mtf.wiki/assets/02_090.md.DiFea12H.lean.js]
[transky.mtf.wiki/assets/02_091.md.B5rsELKq.lean.js]
[transky.mtf.wiki/assets/02_092.md.z-rYQPOP.lean.js]
[transky.mtf.wiki/assets/02_094.md.DxGEQ-ie.lean.js]
[transky.mtf.wiki/assets/02_095.md.CvdPHQ6L.lean.js]
[transky.mtf.wiki/assets/02_093.md.D5_2jUoB.lean.js]
[transky.mtf.wiki/assets/02_096.md.DX937I44.lean.js]
